Archive member included because of file (symbol)

/usr/bin/../lib/gcc/arm-none-eabi/4.7.3/../../../../arm-none-eabi/lib/armv7e-m/fpu/libc.a(lib_a-__atexit.o)
                              /usr/bin/../lib/gcc/arm-none-eabi/4.7.3/../../../../arm-none-eabi/lib/armv7e-m/fpu/crt0.o (__register_exitproc)
/usr/bin/../lib/gcc/arm-none-eabi/4.7.3/../../../../arm-none-eabi/lib/armv7e-m/fpu/libc.a(lib_a-exit.o)
                              /usr/bin/../lib/gcc/arm-none-eabi/4.7.3/../../../../arm-none-eabi/lib/armv7e-m/fpu/crt0.o (exit)
/usr/bin/../lib/gcc/arm-none-eabi/4.7.3/../../../../arm-none-eabi/lib/armv7e-m/fpu/libc.a(lib_a-fini.o)
                              /usr/bin/../lib/gcc/arm-none-eabi/4.7.3/../../../../arm-none-eabi/lib/armv7e-m/fpu/crt0.o (__libc_fini_array)
/usr/bin/../lib/gcc/arm-none-eabi/4.7.3/../../../../arm-none-eabi/lib/armv7e-m/fpu/libc.a(lib_a-impure.o)
                              /usr/bin/../lib/gcc/arm-none-eabi/4.7.3/../../../../arm-none-eabi/lib/armv7e-m/fpu/libc.a(lib_a-__atexit.o) (_global_impure_ptr)
/usr/bin/../lib/gcc/arm-none-eabi/4.7.3/../../../../arm-none-eabi/lib/armv7e-m/fpu/libc.a(lib_a-init.o)
                              /usr/bin/../lib/gcc/arm-none-eabi/4.7.3/../../../../arm-none-eabi/lib/armv7e-m/fpu/crt0.o (__libc_init_array)
/usr/bin/../lib/gcc/arm-none-eabi/4.7.3/../../../../arm-none-eabi/lib/armv7e-m/fpu/libc.a(lib_a-memset.o)
                              /usr/bin/../lib/gcc/arm-none-eabi/4.7.3/../../../../arm-none-eabi/lib/armv7e-m/fpu/crt0.o (memset)
/usr/bin/../lib/gcc/arm-none-eabi/4.7.3/../../../../arm-none-eabi/lib/armv7e-m/fpu/libc.a(lib_a-__call_atexit.o)
                              /usr/bin/../lib/gcc/arm-none-eabi/4.7.3/../../../../arm-none-eabi/lib/armv7e-m/fpu/libc.a(lib_a-exit.o) (__call_exitprocs)
/usr/bin/../lib/gcc/arm-none-eabi/4.7.3/../../../../arm-none-eabi/lib/armv7e-m/fpu/libc.a(lib_a-atexit.o)
                              /usr/bin/../lib/gcc/arm-none-eabi/4.7.3/../../../../arm-none-eabi/lib/armv7e-m/fpu/libc.a(lib_a-__call_atexit.o) (atexit)

Allocating common symbols
Common symbol       size              file

SaveRState          0x2               Libraries/STM32_USB-FS-Device_Driver/src/usb_int.o
HSEStartUpStatus    0x1               Libraries/Goffredo_USB/src/hw_config.o
scrivimi            0xb4              Libraries/Goffredo_USB/src/usb_endp.o
SaveState           0x2               Libraries/STM32_USB-FS-Device_Driver/src/usb_init.o
ProtocolValue       0x4               Libraries/Goffredo_USB/src/usb_prop.o
wIstr               0x2               Libraries/Goffredo_USB/src/usb_istr.o
pProperty           0x4               Libraries/STM32_USB-FS-Device_Driver/src/usb_init.o
EPindex             0x1               Libraries/STM32_USB-FS-Device_Driver/src/usb_init.o
SaveTState          0x2               Libraries/STM32_USB-FS-Device_Driver/src/usb_int.o
Device_Info         0x1c              Libraries/STM32_USB-FS-Device_Driver/src/usb_init.o
pUser_Standard_Requests
                    0x4               Libraries/STM32_USB-FS-Device_Driver/src/usb_init.o
buffer              0x6               src/sensors.o
StatusInfo          0x2               Libraries/STM32_USB-FS-Device_Driver/src/usb_core.o
pInformation        0x4               Libraries/STM32_USB-FS-Device_Driver/src/usb_init.o
ResumeS             0x2               Libraries/Goffredo_USB/src/usb_pwr.o
Mouse_Buffer        0x4               src/main.o
RCC_Clocks          0x3c              src/main.o
EXTI_InitStructure  0x8               Libraries/Goffredo_USB/src/hw_config.o
wInterrupt_Mask     0x2               Libraries/STM32_USB-FS-Device_Driver/src/usb_init.o

Discarded input sections

 .text          0x00000000        0x0 /usr/bin/../lib/gcc/arm-none-eabi/4.7.3/armv7e-m/fpu/crti.o
 .data          0x00000000        0x0 /usr/bin/../lib/gcc/arm-none-eabi/4.7.3/armv7e-m/fpu/crti.o
 .bss           0x00000000        0x0 /usr/bin/../lib/gcc/arm-none-eabi/4.7.3/armv7e-m/fpu/crti.o
 .data          0x00000000        0x4 /usr/bin/../lib/gcc/arm-none-eabi/4.7.3/armv7e-m/fpu/crtbegin.o
 .text          0x00000000       0x70 /usr/bin/../lib/gcc/arm-none-eabi/4.7.3/../../../../arm-none-eabi/lib/armv7e-m/fpu/crt0.o
 .data          0x00000000        0x0 /usr/bin/../lib/gcc/arm-none-eabi/4.7.3/../../../../arm-none-eabi/lib/armv7e-m/fpu/crt0.o
 .bss           0x00000000        0x0 /usr/bin/../lib/gcc/arm-none-eabi/4.7.3/../../../../arm-none-eabi/lib/armv7e-m/fpu/crt0.o
 .ARM.extab     0x00000000        0x0 /usr/bin/../lib/gcc/arm-none-eabi/4.7.3/../../../../arm-none-eabi/lib/armv7e-m/fpu/crt0.o
 .ARM.exidx     0x00000000        0x8 /usr/bin/../lib/gcc/arm-none-eabi/4.7.3/../../../../arm-none-eabi/lib/armv7e-m/fpu/crt0.o
 .ARM.attributes
                0x00000000       0x22 /usr/bin/../lib/gcc/arm-none-eabi/4.7.3/../../../../arm-none-eabi/lib/armv7e-m/fpu/crt0.o
 .text          0x00000000        0x0 Libraries/STM32F30x_StdPeriph_Driver/src/stm32f30x_comp.o
[...]
Memory Configuration

Name             Origin             Length             Attributes
FLASH            0x08000000         0x00040000         xr
RAM              0x20000000         0x0000a000         xrw
MEMORY_B1        0x60000000         0x00000000         xr
CCMRAM           0x10000000         0x00002000         rw
*default*        0x00000000         0xffffffff

Linker script and memory map

LOAD /usr/bin/../lib/gcc/arm-none-eabi/4.7.3/armv7e-m/fpu/crti.o
LOAD /usr/bin/../lib/gcc/arm-none-eabi/4.7.3/armv7e-m/fpu/crtbegin.o
LOAD /usr/bin/../lib/gcc/arm-none-eabi/4.7.3/../../../../arm-none-eabi/lib/armv7e-m/fpu/crt0.o
LOAD Libraries/STM32F30x_StdPeriph_Driver/src/stm32f30x_comp.o
LOAD Libraries/STM32F30x_StdPeriph_Driver/src/stm32f30x_misc.o
LOAD Libraries/STM32F30x_StdPeriph_Driver/src/stm32f30x_dma.o
LOAD Libraries/STM32F30x_StdPeriph_Driver/src/stm32f30x_dbgmcu.o
LOAD Libraries/STM32F30x_StdPeriph_Driver/src/stm32f30x_dac.o
LOAD Libraries/STM32F30x_StdPeriph_Driver/src/stm32f30x_can.o
LOAD Libraries/STM32F30x_StdPeriph_Driver/src/stm32f30x_opamp.o
LOAD Libraries/STM32F30x_StdPeriph_Driver/src/stm32f30x_pwr.o
LOAD Libraries/STM32F30x_StdPeriph_Driver/src/stm32f30x_i2c.o
LOAD Libraries/STM32F30x_StdPeriph_Driver/src/stm32f30x_crc.o
LOAD Libraries/STM32F30x_StdPeriph_Driver/src/stm32f30x_iwdg.o
LOAD Libraries/STM32F30x_StdPeriph_Driver/src/stm32f30x_rcc.o
LOAD Libraries/STM32F30x_StdPeriph_Driver/src/stm32f30x_flash.o
LOAD Libraries/STM32F30x_StdPeriph_Driver/src/stm32f30x_syscfg.o
LOAD Libraries/STM32F30x_StdPeriph_Driver/src/stm32f30x_exti.o
LOAD Libraries/STM32F30x_StdPeriph_Driver/src/stm32f30x_usart.o
LOAD Libraries/STM32F30x_StdPeriph_Driver/src/stm32f30x_rtc.o
LOAD Libraries/STM32F30x_StdPeriph_Driver/src/stm32f30x_tim.o
LOAD Libraries/STM32F30x_StdPeriph_Driver/src/stm32f30x_adc.o
LOAD Libraries/STM32F30x_StdPeriph_Driver/src/stm32f30x_spi.o
LOAD Libraries/STM32F30x_StdPeriph_Driver/src/stm32f30x_gpio.o
LOAD Libraries/STM32F30x_StdPeriph_Driver/src/stm32f30x_wwdg.o
LOAD Libraries/STM32_USB-FS-Device_Driver/src/usb_mem.o
LOAD Libraries/STM32_USB-FS-Device_Driver/src/usb_init.o
LOAD Libraries/STM32_USB-FS-Device_Driver/src/usb_sil.o
LOAD Libraries/STM32_USB-FS-Device_Driver/src/usb_core.o
LOAD Libraries/STM32_USB-FS-Device_Driver/src/usb_regs.o
LOAD Libraries/STM32_USB-FS-Device_Driver/src/usb_int.o
LOAD Libraries/STM32F3_Discovery/src/stm32f3_discovery_l3gd20.o
LOAD Libraries/STM32F3_Discovery/src/stm32f3_discovery.o
LOAD Libraries/STM32F3_Discovery/src/stm32f3_discovery_lsm303dlhc.o
LOAD src/sensors.o
LOAD src/common.o
LOAD src/main.o
LOAD src/stm32f30x_it.o
LOAD src/usb_main.o
LOAD src/system_stm32f30x.o
LOAD Libraries/Goffredo_USB/src/usb_desc.o
LOAD Libraries/Goffredo_USB/src/usb_endp.o
LOAD Libraries/Goffredo_USB/src/usb_prop.o
LOAD Libraries/Goffredo_USB/src/hw_config.o
LOAD Libraries/Goffredo_USB/src/usb_istr.o
LOAD Libraries/Goffredo_USB/src/usb_pwr.o
LOAD src/startup_stm32f30x.o
LOAD /usr/bin/../lib/gcc/arm-none-eabi/4.7.3/../../../../arm-none-eabi/lib/armv7e-m/fpu/libm.a
LOAD /usr/bin/../lib/gcc/arm-none-eabi/4.7.3/../../../../arm-none-eabi/lib/armv7e-m/fpu/libc.a
START GROUP
LOAD /usr/bin/../lib/gcc/arm-none-eabi/4.7.3/armv7e-m/fpu/libgcc.a
LOAD /usr/bin/../lib/gcc/arm-none-eabi/4.7.3/../../../../arm-none-eabi/lib/armv7e-m/fpu/libg.a
LOAD /usr/bin/../lib/gcc/arm-none-eabi/4.7.3/../../../../arm-none-eabi/lib/armv7e-m/fpu/libc.a
END GROUP
LOAD /usr/bin/../lib/gcc/arm-none-eabi/4.7.3/armv7e-m/fpu/crtend.o
LOAD /usr/bin/../lib/gcc/arm-none-eabi/4.7.3/armv7e-m/fpu/crtn.o
                0x2000a000                _estack = 0x2000a000
                0x00000000                _Min_Heap_Size = 0x0
                0x00000200                _Min_Stack_Size = 0x200

.isr_vector     0x08000000      0x188
                0x08000000                . = ALIGN (0x4)
 *(.isr_vector)
 .isr_vector    0x08000000      0x188 src/startup_stm32f30x.o
                0x08000000                g_pfnVectors
                0x08000188                . = ALIGN (0x4)

.text           0x08000188     0x589c
                0x08000188                . = ALIGN (0x4)
 *(.text)
 .text          0x08000188       0x54 /usr/bin/../lib/gcc/arm-none-eabi/4.7.3/armv7e-m/fpu/crtbegin.o
 *(.text*)
 .text.NVIC_PriorityGroupConfig
                0x080001dc       0x28 Libraries/STM32F30x_StdPeriph_Driver/src/stm32f30x_misc.o
                0x080001dc                NVIC_PriorityGroupConfig
 .text.NVIC_Init
                0x08000204       0xe8 Libraries/STM32F30x_StdPeriph_Driver/src/stm32f30x_misc.o
                0x08000204                NVIC_Init
 .text.I2C_Init
                0x080002ec       0xd0 Libraries/STM32F30x_StdPeriph_Driver/src/stm32f30x_i2c.o
                0x080002ec                I2C_Init
 .text.I2C_Cmd  0x080003bc       0x38 Libraries/STM32F30x_StdPeriph_Driver/src/stm32f30x_i2c.o
                0x080003bc                I2C_Cmd
 .text.I2C_TransferHandling
                0x080003f4       0x60 Libraries/STM32F30x_StdPeriph_Driver/src/stm32f30x_i2c.o
                0x080003f4                I2C_TransferHandling
 .text.I2C_SendData
                0x08000454       0x1c Libraries/STM32F30x_StdPeriph_Driver/src/stm32f30x_i2c.o
                0x08000454                I2C_SendData
 .text.I2C_ReceiveData
                0x08000470       0x1c Libraries/STM32F30x_StdPeriph_Driver/src/stm32f30x_i2c.o
                0x08000470                I2C_ReceiveData
 .text.I2C_GetFlagStatus
                0x0800048c       0x48 Libraries/STM32F30x_StdPeriph_Driver/src/stm32f30x_i2c.o
                0x0800048c                I2C_GetFlagStatus
 .text.I2C_ClearFlag
                0x080004d4       0x1c Libraries/STM32F30x_StdPeriph_Driver/src/stm32f30x_i2c.o
                0x080004d4                I2C_ClearFlag
 .text.RCC_HSEConfig
                0x080004f0       0x30 Libraries/STM32F30x_StdPeriph_Driver/src/stm32f30x_rcc.o
                0x080004f0                RCC_HSEConfig
 .text.RCC_WaitForHSEStartUp
                0x08000520       0x64 Libraries/STM32F30x_StdPeriph_Driver/src/stm32f30x_rcc.o
                0x08000520                RCC_WaitForHSEStartUp
 .text.RCC_PLLCmd
                0x08000584       0x20 Libraries/STM32F30x_StdPeriph_Driver/src/stm32f30x_rcc.o
                0x08000584                RCC_PLLCmd
 .text.RCC_SYSCLKConfig
                0x080005a4       0x40 Libraries/STM32F30x_StdPeriph_Driver/src/stm32f30x_rcc.o
                0x080005a4                RCC_SYSCLKConfig
 .text.RCC_GetSYSCLKSource
                0x080005e4       0x20 Libraries/STM32F30x_StdPeriph_Driver/src/stm32f30x_rcc.o
                0x080005e4                RCC_GetSYSCLKSource
 .text.RCC_GetClocksFreq
                0x08000604      0x550 Libraries/STM32F30x_StdPeriph_Driver/src/stm32f30x_rcc.o
                0x08000604                RCC_GetClocksFreq
 .text.RCC_USBCLKConfig
                0x08000b54       0x20 Libraries/STM32F30x_StdPeriph_Driver/src/stm32f30x_rcc.o
                0x08000b54                RCC_USBCLKConfig
 .text.RCC_AHBPeriphClockCmd
                0x08000b74       0x54 Libraries/STM32F30x_StdPeriph_Driver/src/stm32f30x_rcc.o
                0x08000b74                RCC_AHBPeriphClockCmd
 .text.RCC_APB2PeriphClockCmd
                0x08000bc8       0x54 Libraries/STM32F30x_StdPeriph_Driver/src/stm32f30x_rcc.o
                0x08000bc8                RCC_APB2PeriphClockCmd
 .text.RCC_APB1PeriphClockCmd
                0x08000c1c       0x54 Libraries/STM32F30x_StdPeriph_Driver/src/stm32f30x_rcc.o
                0x08000c1c                RCC_APB1PeriphClockCmd
 .text.RCC_APB2PeriphResetCmd
                0x08000c70       0x54 Libraries/STM32F30x_StdPeriph_Driver/src/stm32f30x_rcc.o
                0x08000c70                RCC_APB2PeriphResetCmd
 .text.RCC_APB1PeriphResetCmd
                0x08000cc4       0x54 Libraries/STM32F30x_StdPeriph_Driver/src/stm32f30x_rcc.o
                0x08000cc4                RCC_APB1PeriphResetCmd
 .text.RCC_GetFlagStatus
                0x08000d18       0xa4 Libraries/STM32F30x_StdPeriph_Driver/src/stm32f30x_rcc.o
                0x08000d18                RCC_GetFlagStatus
 .text.SYSCFG_EXTILineConfig
                0x08000dbc       0xb0 Libraries/STM32F30x_StdPeriph_Driver/src/stm32f30x_syscfg.o
                0x08000dbc                SYSCFG_EXTILineConfig
 .text.EXTI_Init
                0x08000e6c      0x288 Libraries/STM32F30x_StdPeriph_Driver/src/stm32f30x_exti.o
                0x08000e6c                EXTI_Init
 .text.EXTI_ClearITPendingBit
                0x080010f4       0x38 Libraries/STM32F30x_StdPeriph_Driver/src/stm32f30x_exti.o
                0x080010f4                EXTI_ClearITPendingBit
 .text.SPI_I2S_DeInit
                0x0800112c       0x88 Libraries/STM32F30x_StdPeriph_Driver/src/stm32f30x_spi.o
                0x0800112c                SPI_I2S_DeInit
 .text.SPI_Init
                0x080011b4      0x118 Libraries/STM32F30x_StdPeriph_Driver/src/stm32f30x_spi.o
                0x080011b4                SPI_Init
 .text.SPI_Cmd  0x080012cc       0x40 Libraries/STM32F30x_StdPeriph_Driver/src/stm32f30x_spi.o
                0x080012cc                SPI_Cmd
 .text.SPI_RxFIFOThresholdConfig
                0x0800130c       0x38 Libraries/STM32F30x_StdPeriph_Driver/src/stm32f30x_spi.o
                0x0800130c                SPI_RxFIFOThresholdConfig
 .text.SPI_SendData8
                0x08001344       0x30 Libraries/STM32F30x_StdPeriph_Driver/src/stm32f30x_spi.o
                0x08001344                SPI_SendData8
 .text.SPI_ReceiveData8
                0x08001374       0x2c Libraries/STM32F30x_StdPeriph_Driver/src/stm32f30x_spi.o
                0x08001374                SPI_ReceiveData8
 .text.SPI_I2S_GetFlagStatus
                0x080013a0       0x40 Libraries/STM32F30x_StdPeriph_Driver/src/stm32f30x_spi.o
                0x080013a0                SPI_I2S_GetFlagStatus
 .text.GPIO_Init
                0x080013e0      0x150 Libraries/STM32F30x_StdPeriph_Driver/src/stm32f30x_gpio.o
                0x080013e0                GPIO_Init
 .text.GPIO_SetBits
                0x08001530       0x1c Libraries/STM32F30x_StdPeriph_Driver/src/stm32f30x_gpio.o
                0x08001530                GPIO_SetBits
 .text.GPIO_ResetBits
                0x0800154c       0x1c Libraries/STM32F30x_StdPeriph_Driver/src/stm32f30x_gpio.o
                0x0800154c                GPIO_ResetBits
 .text.GPIO_PinAFConfig
                0x08001568       0xa8 Libraries/STM32F30x_StdPeriph_Driver/src/stm32f30x_gpio.o
                0x08001568                GPIO_PinAFConfig
 .text.UserToPMABufferCopy
                0x08001610       0x88 Libraries/STM32_USB-FS-Device_Driver/src/usb_mem.o
                0x08001610                UserToPMABufferCopy
 .text.PMAToUserBufferCopy
                0x08001698       0x6c Libraries/STM32_USB-FS-Device_Driver/src/usb_mem.o
                0x08001698                PMAToUserBufferCopy
 .text.USB_Init
                0x08001704       0x5c Libraries/STM32_USB-FS-Device_Driver/src/usb_init.o
                0x08001704                USB_Init
 .text.USB_SIL_Init
                0x08001760       0x40 Libraries/STM32_USB-FS-Device_Driver/src/usb_sil.o
                0x08001760                USB_SIL_Init
 .text.Standard_GetConfiguration
                0x080017a0       0x4c Libraries/STM32_USB-FS-Device_Driver/src/usb_core.o
                0x080017a0                Standard_GetConfiguration
 .text.Standard_SetConfiguration
                0x080017ec       0x74 Libraries/STM32_USB-FS-Device_Driver/src/usb_core.o
                0x080017ec                Standard_SetConfiguration
 .text.Standard_GetInterface
                0x08001860       0x4c Libraries/STM32_USB-FS-Device_Driver/src/usb_core.o
                0x08001860                Standard_GetInterface
 .text.Standard_SetInterface
                0x080018ac       0xc8 Libraries/STM32_USB-FS-Device_Driver/src/usb_core.o
                0x080018ac                Standard_SetInterface
 .text.Standard_GetStatus
                0x08001974      0x1bc Libraries/STM32_USB-FS-Device_Driver/src/usb_core.o
                0x08001974                Standard_GetStatus
 .text.Standard_ClearFeature
                0x08001b30      0x230 Libraries/STM32_USB-FS-Device_Driver/src/usb_core.o
                0x08001b30                Standard_ClearFeature
 .text.Standard_SetEndPointFeature
                0x08001d60      0x148 Libraries/STM32_USB-FS-Device_Driver/src/usb_core.o
                0x08001d60                Standard_SetEndPointFeature
 .text.Standard_SetDeviceFeature
                0x08001ea8       0x38 Libraries/STM32_USB-FS-Device_Driver/src/usb_core.o
                0x08001ea8                Standard_SetDeviceFeature
 .text.Standard_GetDescriptorData
                0x08001ee0       0x54 Libraries/STM32_USB-FS-Device_Driver/src/usb_core.o
                0x08001ee0                Standard_GetDescriptorData
 .text.DataStageOut
                0x08001f34      0x13c Libraries/STM32_USB-FS-Device_Driver/src/usb_core.o
 .text.DataStageIn
                0x08002070      0x150 Libraries/STM32_USB-FS-Device_Driver/src/usb_core.o
 .text.NoData_Setup0
                0x080021c0      0x208 Libraries/STM32_USB-FS-Device_Driver/src/usb_core.o
 .text.Data_Setup0
                0x080023c8      0x488 Libraries/STM32_USB-FS-Device_Driver/src/usb_core.o
 .text.Setup0_Process
                0x08002850      0x120 Libraries/STM32_USB-FS-Device_Driver/src/usb_core.o
                0x08002850                Setup0_Process
 .text.In0_Process
                0x08002970       0xbc Libraries/STM32_USB-FS-Device_Driver/src/usb_core.o
                0x08002970                In0_Process
 .text.Out0_Process
                0x08002a2c       0x8c Libraries/STM32_USB-FS-Device_Driver/src/usb_core.o
                0x08002a2c                Out0_Process
 .text.Post0_Process
                0x08002ab8       0x60 Libraries/STM32_USB-FS-Device_Driver/src/usb_core.o
                0x08002ab8                Post0_Process
 .text.SetDeviceAddress
                0x08002b18       0x88 Libraries/STM32_USB-FS-Device_Driver/src/usb_core.o
                0x08002b18                SetDeviceAddress
 .text.NOP_Process
                0x08002ba0        0xc Libraries/STM32_USB-FS-Device_Driver/src/usb_core.o
                0x08002ba0                NOP_Process
 .text.SetBTABLE
                0x08002bac       0x28 Libraries/STM32_USB-FS-Device_Driver/src/usb_regs.o
                0x08002bac                SetBTABLE
 .text.GetENDPOINT
                0x08002bd4       0x28 Libraries/STM32_USB-FS-Device_Driver/src/usb_regs.o
                0x08002bd4                GetENDPOINT
 .text.SetEPType
                0x08002bfc       0x4c Libraries/STM32_USB-FS-Device_Driver/src/usb_regs.o
                0x08002bfc                SetEPType
 .text.SetEPTxStatus
                0x08002c48       0x74 Libraries/STM32_USB-FS-Device_Driver/src/usb_regs.o
                0x08002c48                SetEPTxStatus
 .text.SetEPRxStatus
                0x08002cbc       0x74 Libraries/STM32_USB-FS-Device_Driver/src/usb_regs.o
                0x08002cbc                SetEPRxStatus
 .text.SetEPTxValid
                0x08002d30       0x58 Libraries/STM32_USB-FS-Device_Driver/src/usb_regs.o
                0x08002d30                SetEPTxValid
 .text.SetEPRxValid
                0x08002d88       0x58 Libraries/STM32_USB-FS-Device_Driver/src/usb_regs.o
                0x08002d88                SetEPRxValid
 .text.Clear_Status_Out
                0x08002de0       0x58 Libraries/STM32_USB-FS-Device_Driver/src/usb_regs.o
                0x08002de0                Clear_Status_Out
 .text.ToggleDTOG_RX
                0x08002e38       0x48 Libraries/STM32_USB-FS-Device_Driver/src/usb_regs.o
                0x08002e38                ToggleDTOG_RX
 .text.ClearDTOG_RX
                0x08002e80       0x60 Libraries/STM32_USB-FS-Device_Driver/src/usb_regs.o
                0x08002e80                ClearDTOG_RX
 .text.ClearDTOG_TX
                0x08002ee0       0x60 Libraries/STM32_USB-FS-Device_Driver/src/usb_regs.o
                0x08002ee0                ClearDTOG_TX
 .text.SetEPTxAddr
                0x08002f40       0x48 Libraries/STM32_USB-FS-Device_Driver/src/usb_regs.o
                0x08002f40                SetEPTxAddr
 .text.SetEPRxAddr
                0x08002f88       0x4c Libraries/STM32_USB-FS-Device_Driver/src/usb_regs.o
                0x08002f88                SetEPRxAddr
 .text.GetEPTxAddr
                0x08002fd4       0x3c Libraries/STM32_USB-FS-Device_Driver/src/usb_regs.o
                0x08002fd4                GetEPTxAddr
 .text.GetEPRxAddr
                0x08003010       0x40 Libraries/STM32_USB-FS-Device_Driver/src/usb_regs.o
                0x08003010                GetEPRxAddr
 .text.SetEPTxCount
                0x08003050       0x40 Libraries/STM32_USB-FS-Device_Driver/src/usb_regs.o
                0x08003050                SetEPTxCount
 .text.SetEPRxCount
                0x08003090       0x98 Libraries/STM32_USB-FS-Device_Driver/src/usb_regs.o
                0x08003090                SetEPRxCount
 .text.SetEPDblBuffAddr
                0x08003128       0x80 Libraries/STM32_USB-FS-Device_Driver/src/usb_regs.o
                0x08003128                SetEPDblBuffAddr
 .text.SetEPDblBuffCount
                0x080031a8      0x184 Libraries/STM32_USB-FS-Device_Driver/src/usb_regs.o
                0x080031a8                SetEPDblBuffCount
 .text.FreeUserBuffer
                0x0800332c       0x8c Libraries/STM32_USB-FS-Device_Driver/src/usb_regs.o
                0x0800332c                FreeUserBuffer
 .text.ByteSwap
                0x080033b8       0x34 Libraries/STM32_USB-FS-Device_Driver/src/usb_regs.o
                0x080033b8                ByteSwap
 .text.CTR_LP   0x080033ec      0x428 Libraries/STM32_USB-FS-Device_Driver/src/usb_int.o
                0x080033ec                CTR_LP
 .text.L3GD20_Init
                0x08003814       0x84 Libraries/STM32F3_Discovery/src/stm32f3_discovery_l3gd20.o
                0x08003814                L3GD20_Init
 .text.L3GD20_FilterConfig
                0x08003898       0x54 Libraries/STM32F3_Discovery/src/stm32f3_discovery_l3gd20.o
                0x08003898                L3GD20_FilterConfig
 .text.L3GD20_FilterCmd
                0x080038ec       0x4c Libraries/STM32F3_Discovery/src/stm32f3_discovery_l3gd20.o
                0x080038ec                L3GD20_FilterCmd
 .text.L3GD20_Write
                0x08003938       0x70 Libraries/STM32F3_Discovery/src/stm32f3_discovery_l3gd20.o
                0x08003938                L3GD20_Write
 .text.L3GD20_Read
                0x080039a8       0x80 Libraries/STM32F3_Discovery/src/stm32f3_discovery_l3gd20.o
                0x080039a8                L3GD20_Read
 .text.L3GD20_LowLevel_Init
                0x08003a28      0x1c4 Libraries/STM32F3_Discovery/src/stm32f3_discovery_l3gd20.o
 .text.L3GD20_SendByte
                0x08003bec       0xe0 Libraries/STM32F3_Discovery/src/stm32f3_discovery_l3gd20.o
 .text.LSM303DLHC_AccInit
                0x08003ccc       0x84 Libraries/STM32F3_Discovery/src/stm32f3_discovery_lsm303dlhc.o
                0x08003ccc                LSM303DLHC_AccInit
 .text.LSM303DLHC_AccFilterConfig
                0x08003d50       0x68 Libraries/STM32F3_Discovery/src/stm32f3_discovery_lsm303dlhc.o
                0x08003d50                LSM303DLHC_AccFilterConfig
 .text.LSM303DLHC_MagInit
                0x08003db8       0x88 Libraries/STM32F3_Discovery/src/stm32f3_discovery_lsm303dlhc.o
                0x08003db8                LSM303DLHC_MagInit
 .text.LSM303DLHC_Write
                0x08003e40      0x240 Libraries/STM32F3_Discovery/src/stm32f3_discovery_lsm303dlhc.o
                0x08003e40                LSM303DLHC_Write
 .text.LSM303DLHC_Read
                0x08004080      0x26c Libraries/STM32F3_Discovery/src/stm32f3_discovery_lsm303dlhc.o
                0x08004080                LSM303DLHC_Read
 .text.LSM303DLHC_LowLevel_Init
                0x080042ec      0x1d0 Libraries/STM32F3_Discovery/src/stm32f3_discovery_lsm303dlhc.o
 .text.Gyro_Config
                0x080044bc       0x60 src/sensors.o
                0x080044bc                Gyro_Config
 .text.Compass_Config
                0x0800451c       0x94 src/sensors.o
                0x0800451c                Compass_Config
 .text.LSM303DLHC_TIMEOUT_UserCallback
                0x080045b0       0x10 src/sensors.o
                0x080045b0                LSM303DLHC_TIMEOUT_UserCallback
 .text.L3GD20_TIMEOUT_UserCallback
                0x080045c0       0x10 src/sensors.o
                0x080045c0                L3GD20_TIMEOUT_UserCallback
 .text.SysTick_Handler
                0x080045d0       0x24 src/common.o
                0x080045d0                SysTick_Handler
 .text.NVIC_SetPriority
                0x080045f4       0x5c src/main.o
 .text.SysTick_Config
                0x08004650       0x64 src/main.o
 .text.main     0x080046b4       0x30 src/main.o
                0x080046b4                main
 .text.NMI_Handler
                0x080046e4        0xc src/stm32f30x_it.o
                0x080046e4                NMI_Handler
 .text.HardFault_Handler
                0x080046f0        0x8 src/stm32f30x_it.o
                0x080046f0                HardFault_Handler
 .text.MemManage_Handler
                0x080046f8        0x8 src/stm32f30x_it.o
                0x080046f8                MemManage_Handler
 .text.BusFault_Handler
                0x08004700        0x8 src/stm32f30x_it.o
                0x08004700                BusFault_Handler
 .text.UsageFault_Handler
                0x08004708        0x8 src/stm32f30x_it.o
                0x08004708                UsageFault_Handler
 .text.SVC_Handler
                0x08004710        0xc src/stm32f30x_it.o
                0x08004710                SVC_Handler
 .text.DebugMon_Handler
                0x0800471c        0xc src/stm32f30x_it.o
                0x0800471c                DebugMon_Handler
 .text.PendSV_Handler
                0x08004728        0xc src/stm32f30x_it.o
                0x08004728                PendSV_Handler
 .text.USB_LP_CAN1_RX0_IRQHandler
                0x08004734        0xc src/stm32f30x_it.o
                0x08004734                USB_LP_CAN1_RX0_IRQHandler
 .text.USBWakeUp_IRQHandler
                0x08004740       0x18 src/stm32f30x_it.o
                0x08004740                USBWakeUp_IRQHandler
 .text.USB_flush
                0x08004758       0x1c src/usb_main.o
                0x08004758                USB_flush
 .text.USB_writeByte
                0x08004774       0x5c src/usb_main.o
                0x08004774                USB_writeByte
 .text.USB_writeByteBlocking
                0x080047d0       0x2c src/usb_main.o
                0x080047d0                USB_writeByteBlocking
 .text.USB_Config
                0x080047fc       0x28 src/usb_main.o
                0x080047fc                USB_Config
 .text.SystemInit
                0x08004824       0xfc src/system_stm32f30x.o
                0x08004824                SystemInit
 .text.SetSysClock
                0x08004920      0x170 src/system_stm32f30x.o
 .text.EP1_IN_Callback
                0x08004a90       0x90 Libraries/Goffredo_USB/src/usb_endp.o
                0x08004a90                EP1_IN_Callback
 .text.Joystick_init
                0x08004b20       0x30 Libraries/Goffredo_USB/src/usb_prop.o
                0x08004b20                Joystick_init
 .text.Joystick_Reset
                0x08004b50      0x10c Libraries/Goffredo_USB/src/usb_prop.o
                0x08004b50                Joystick_Reset
 .text.Joystick_SetConfiguration
                0x08004c5c       0x30 Libraries/Goffredo_USB/src/usb_prop.o
                0x08004c5c                Joystick_SetConfiguration
 .text.Joystick_SetDeviceAddress
                0x08004c8c       0x18 Libraries/Goffredo_USB/src/usb_prop.o
                0x08004c8c                Joystick_SetDeviceAddress
 .text.Joystick_Status_In
                0x08004ca4        0xc Libraries/Goffredo_USB/src/usb_prop.o
                0x08004ca4                Joystick_Status_In
 .text.Joystick_Status_Out
                0x08004cb0        0xc Libraries/Goffredo_USB/src/usb_prop.o
                0x08004cb0                Joystick_Status_Out
 .text.Joystick_Data_Setup
                0x08004cbc       0xdc Libraries/Goffredo_USB/src/usb_prop.o
                0x08004cbc                Joystick_Data_Setup
 .text.Joystick_NoData_Setup
                0x08004d98       0x3c Libraries/Goffredo_USB/src/usb_prop.o
                0x08004d98                Joystick_NoData_Setup
 .text.Joystick_GetDeviceDescriptor
                0x08004dd4       0x28 Libraries/Goffredo_USB/src/usb_prop.o
                0x08004dd4                Joystick_GetDeviceDescriptor
 .text.Joystick_GetConfigDescriptor
                0x08004dfc       0x28 Libraries/Goffredo_USB/src/usb_prop.o
                0x08004dfc                Joystick_GetConfigDescriptor
 .text.Joystick_GetStringDescriptor
                0x08004e24       0x4c Libraries/Goffredo_USB/src/usb_prop.o
                0x08004e24                Joystick_GetStringDescriptor
 .text.Joystick_GetReportDescriptor
                0x08004e70       0x28 Libraries/Goffredo_USB/src/usb_prop.o
                0x08004e70                Joystick_GetReportDescriptor
 .text.Joystick_GetHIDDescriptor
                0x08004e98       0x28 Libraries/Goffredo_USB/src/usb_prop.o
                0x08004e98                Joystick_GetHIDDescriptor
 .text.Joystick_Get_Interface_Setting
                0x08004ec0       0x38 Libraries/Goffredo_USB/src/usb_prop.o
                0x08004ec0                Joystick_Get_Interface_Setting
 .text.Joystick_SetProtocol
                0x08004ef8       0x30 Libraries/Goffredo_USB/src/usb_prop.o
                0x08004ef8                Joystick_SetProtocol
 .text.Joystick_GetProtocolValue
                0x08004f28       0x3c Libraries/Goffredo_USB/src/usb_prop.o
                0x08004f28                Joystick_GetProtocolValue
 .text.Set_System
                0x08004f64       0xdc Libraries/Goffredo_USB/src/hw_config.o
                0x08004f64                Set_System
 .text.Set_USBClock
                0x08005040       0x1c Libraries/Goffredo_USB/src/hw_config.o
                0x08005040                Set_USBClock
 .text.Enter_LowPowerMode
                0x0800505c       0x1c Libraries/Goffredo_USB/src/hw_config.o
                0x0800505c                Enter_LowPowerMode
 .text.Leave_LowPowerMode
                0x08005078       0x94 Libraries/Goffredo_USB/src/hw_config.o
                0x08005078                Leave_LowPowerMode
 .text.USB_Interrupts_Config
                0x0800510c       0x6c Libraries/Goffredo_USB/src/hw_config.o
                0x0800510c                USB_Interrupts_Config
 .text.USB_Cable_Config
                0x08005178       0x3c Libraries/Goffredo_USB/src/hw_config.o
                0x08005178                USB_Cable_Config
 .text.Get_SerialNum
                0x080051b4       0x60 Libraries/Goffredo_USB/src/hw_config.o
                0x080051b4                Get_SerialNum
 .text.IntToUnicode
                0x08005214       0x94 Libraries/Goffredo_USB/src/hw_config.o
 .text.USB_Istr
                0x080052a8      0x1ac Libraries/Goffredo_USB/src/usb_istr.o
                0x080052a8                USB_Istr
 .text.PowerOn  0x08005454       0x80 Libraries/Goffredo_USB/src/usb_pwr.o
                0x08005454                PowerOn
 .text.Suspend  0x080054d4       0x54 Libraries/Goffredo_USB/src/usb_pwr.o
                0x080054d4                Suspend
 .text.Resume_Init
                0x08005528       0x40 Libraries/Goffredo_USB/src/usb_pwr.o
                0x08005528                Resume_Init
 .text.Resume   0x08005568      0x188 Libraries/Goffredo_USB/src/usb_pwr.o
                0x08005568                Resume
 .text.Reset_Handler
                0x080056f0       0x50 src/startup_stm32f30x.o
                0x080056f0                Reset_Handler
 .text.Default_Handler
                0x08005740        0x4 src/startup_stm32f30x.o
                0x08005740                RTC_Alarm_IRQHandler
                0x08005740                TIM8_TRG_COM_IRQHandler
                0x08005740                TIM8_CC_IRQHandler
                0x08005740                TIM1_CC_IRQHandler
                0x08005740                USB_HP_IRQHandler
                0x08005740                PVD_IRQHandler
                0x08005740                EXTI3_IRQHandler
                0x08005740                EXTI0_IRQHandler
                0x08005740                I2C2_EV_IRQHandler
                0x08005740                FPU_IRQHandler
                0x08005740                EXTI2_TS_IRQHandler
                0x08005740                TIM1_UP_TIM16_IRQHandler
                0x08005740                ADC1_2_IRQHandler
                0x08005740                SPI1_IRQHandler
                0x08005740                TIM6_DAC_IRQHandler
                0x08005740                TIM8_UP_IRQHandler
                0x08005740                DMA2_Channel2_IRQHandler
                0x08005740                DMA1_Channel4_IRQHandler
                0x08005740                USART3_IRQHandler
                0x08005740                DMA1_Channel7_IRQHandler
                0x08005740                CAN1_RX1_IRQHandler
                0x08005740                UART5_IRQHandler
                0x08005740                ADC3_IRQHandler
                0x08005740                TIM4_IRQHandler
                0x08005740                DMA2_Channel1_IRQHandler
                0x08005740                I2C1_EV_IRQHandler
                0x08005740                DMA1_Channel6_IRQHandler
                0x08005740                UART4_IRQHandler
                0x08005740                DMA2_Channel4_IRQHandler
                0x08005740                TIM3_IRQHandler
                0x08005740                RCC_IRQHandler
                0x08005740                DMA1_Channel1_IRQHandler
                0x08005740                Default_Handler
                0x08005740                USBWakeUp_RMP_IRQHandler
                0x08005740                EXTI15_10_IRQHandler
                0x08005740                TIM7_IRQHandler
                0x08005740                EXTI9_5_IRQHandler
                0x08005740                TAMPER_STAMP_IRQHandler
                0x08005740                RTC_WKUP_IRQHandler
                0x08005740                SPI2_IRQHandler
                0x08005740                DMA2_Channel5_IRQHandler
                0x08005740                DMA1_Channel5_IRQHandler
                0x08005740                USB_LP_IRQHandler
                0x08005740                EXTI4_IRQHandler
                0x08005740                TIM1_TRG_COM_TIM17_IRQHandler
                0x08005740                USB_HP_CAN1_TX_IRQHandler
                0x08005740                DMA1_Channel3_IRQHandler
                0x08005740                ADC4_IRQHandler
                0x08005740                WWDG_IRQHandler
                0x08005740                TIM2_IRQHandler
                0x08005740                COMP7_IRQHandler
                0x08005740                COMP1_2_3_IRQHandler
                0x08005740                EXTI1_IRQHandler
                0x08005740                USART2_IRQHandler
                0x08005740                COMP4_5_6_IRQHandler
                0x08005740                I2C2_ER_IRQHandler
                0x08005740                DMA1_Channel2_IRQHandler
                0x08005740                TIM8_BRK_IRQHandler
                0x08005740                CAN1_SCE_IRQHandler
                0x08005740                FLASH_IRQHandler
                0x08005740                USART1_IRQHandler
                0x08005740                SPI3_IRQHandler
                0x08005740                I2C1_ER_IRQHandler
                0x08005740                DMA2_Channel3_IRQHandler
                0x08005740                TIM1_BRK_TIM15_IRQHandler
 .text.__register_exitproc
                0x08005744       0xac /usr/bin/../lib/gcc/arm-none-eabi/4.7.3/../../../../arm-none-eabi/lib/armv7e-m/fpu/libc.a(lib_a-__atexit.o)
                0x08005744                __register_exitproc
 .text.__libc_fini_array
                0x080057f0       0x50 /usr/bin/../lib/gcc/arm-none-eabi/4.7.3/../../../../arm-none-eabi/lib/armv7e-m/fpu/libc.a(lib_a-fini.o)
                0x080057f0                __libc_fini_array
 .text.__libc_init_array
                0x08005840       0x94 /usr/bin/../lib/gcc/arm-none-eabi/4.7.3/../../../../arm-none-eabi/lib/armv7e-m/fpu/libc.a(lib_a-init.o)
                0x08005840                __libc_init_array
 .text.startup.register_fini
                0x080058d4       0x14 /usr/bin/../lib/gcc/arm-none-eabi/4.7.3/../../../../arm-none-eabi/lib/armv7e-m/fpu/libc.a(lib_a-__call_atexit.o)
 .text.atexit   0x080058e8        0xc /usr/bin/../lib/gcc/arm-none-eabi/4.7.3/../../../../arm-none-eabi/lib/armv7e-m/fpu/libc.a(lib_a-atexit.o)
                0x080058e8                atexit
 *(.rodata)
 *(.rodata*)
 .rodata.Joystick_DeviceDescriptor
                0x080058f4       0x14 Libraries/Goffredo_USB/src/usb_desc.o
                0x080058f4                Joystick_DeviceDescriptor
 .rodata.Joystick_ConfigDescriptor
                0x08005908       0x64 Libraries/Goffredo_USB/src/usb_desc.o
                0x08005908                Joystick_ConfigDescriptor
 .rodata.Joystick_ReportDescriptor
                0x0800596c       0x4c Libraries/Goffredo_USB/src/usb_desc.o
                0x0800596c                Joystick_ReportDescriptor
 .rodata.Joystick_StringLangID
                0x080059b8        0x4 Libraries/Goffredo_USB/src/usb_desc.o
                0x080059b8                Joystick_StringLangID
 .rodata.Joystick_StringVendor
                0x080059bc       0x28 Libraries/Goffredo_USB/src/usb_desc.o
                0x080059bc                Joystick_StringVendor
 .rodata.Joystick_StringProduct
                0x080059e4       0x20 Libraries/Goffredo_USB/src/usb_desc.o
                0x080059e4                Joystick_StringProduct
 .rodata.str1.4
                0x08005a04        0x4 /usr/bin/../lib/gcc/arm-none-eabi/4.7.3/../../../../arm-none-eabi/lib/armv7e-m/fpu/libc.a(lib_a-impure.o)
 .rodata._global_impure_ptr
                0x08005a08        0x4 /usr/bin/../lib/gcc/arm-none-eabi/4.7.3/../../../../arm-none-eabi/lib/armv7e-m/fpu/libc.a(lib_a-impure.o)
                0x08005a08                _global_impure_ptr
 *(.glue_7)
 .glue_7        0x00000000        0x0 linker stubs
 *(.glue_7t)
 .glue_7t       0x00000000        0x0 linker stubs
 *(.eh_frame)
 .eh_frame      0x08005a0c        0x0 /usr/bin/../lib/gcc/arm-none-eabi/4.7.3/armv7e-m/fpu/crtbegin.o
 *(.init)
 .init          0x08005a0c        0x4 /usr/bin/../lib/gcc/arm-none-eabi/4.7.3/armv7e-m/fpu/crti.o
                0x08005a0c                _init
 .init          0x08005a10        0x8 /usr/bin/../lib/gcc/arm-none-eabi/4.7.3/armv7e-m/fpu/crtn.o
 *(.fini)
 .fini          0x08005a18        0x4 /usr/bin/../lib/gcc/arm-none-eabi/4.7.3/armv7e-m/fpu/crti.o
                0x08005a18                _fini
 .fini          0x08005a1c        0x8 /usr/bin/../lib/gcc/arm-none-eabi/4.7.3/armv7e-m/fpu/crtn.o
                0x08005a24                . = ALIGN (0x4)
                0x08005a24                _etext = .

.vfp11_veneer   0x08005a24        0x0
 .vfp11_veneer  0x00000000        0x0 linker stubs

.v4_bx          0x08005a24        0x0
 .v4_bx         0x00000000        0x0 linker stubs

.iplt           0x08005a24        0x0
 .iplt          0x00000000        0x0 /usr/bin/../lib/gcc/arm-none-eabi/4.7.3/armv7e-m/fpu/crtbegin.o

.rel.dyn        0x08005a24        0x0
 .rel.iplt      0x00000000        0x0 /usr/bin/../lib/gcc/arm-none-eabi/4.7.3/armv7e-m/fpu/crtbegin.o

.ARM.extab
 *(.ARM.extab* .gnu.linkonce.armextab.*)

.ARM            0x08005a24        0x0
                0x08005a24                __exidx_start = .
 *(.ARM.exidx*)
                0x08005a24                __exidx_end = .

.preinit_array  0x08005a24        0x0
                0x08005a24                PROVIDE (__preinit_array_start, .)
 *(.preinit_array*)
                0x08005a24                PROVIDE (__preinit_array_end, .)

.init_array     0x08005a24        0x8
                0x08005a24                PROVIDE (__init_array_start, .)
 *(SORT(.init_array.*))
 .init_array.00000
                0x08005a24        0x4 /usr/bin/../lib/gcc/arm-none-eabi/4.7.3/../../../../arm-none-eabi/lib/armv7e-m/fpu/libc.a(lib_a-__call_atexit.o)
 *(.init_array*)
 .init_array    0x08005a28        0x4 /usr/bin/../lib/gcc/arm-none-eabi/4.7.3/armv7e-m/fpu/crtbegin.o
                0x08005a2c                PROVIDE (__init_array_end, .)

.fini_array     0x08005a2c        0x4
                0x08005a2c                PROVIDE (__fini_array_start, .)
 *(SORT(.fini_array.*))
 *(.fini_array*)
 .fini_array    0x08005a2c        0x4 /usr/bin/../lib/gcc/arm-none-eabi/4.7.3/armv7e-m/fpu/crtbegin.o
                0x08005a30                PROVIDE (__fini_array_end, .)
                0x08005a30                _sidata = LOADADDR (.data)

.data           0x20000000      0x550 load address 0x08005a30
                0x20000000                . = ALIGN (0x4)
                0x20000000                _sdata = .
 *(.data)
 *(.data*)
 .data.APBAHBPrescTable
                0x20000000       0x10 Libraries/STM32F30x_StdPeriph_Driver/src/stm32f30x_rcc.o
 .data.ADCPrescTable
                0x20000010       0x1c Libraries/STM32F30x_StdPeriph_Driver/src/stm32f30x_rcc.o
 .data.L3GD20Timeout
                0x2000002c        0x4 Libraries/STM32F3_Discovery/src/stm32f3_discovery_l3gd20.o
                0x2000002c                L3GD20Timeout
 .data.LSM303DLHC_Timeout
                0x20000030        0x4 Libraries/STM32F3_Discovery/src/stm32f3_discovery_lsm303dlhc.o
                0x20000030                LSM303DLHC_Timeout
 .data.magnetometerZtoXY
                0x20000034        0x4 src/sensors.o
                0x20000034                magnetometerZtoXY
 .data.Joystick_StringSerial
                0x20000038       0x1c Libraries/Goffredo_USB/src/usb_desc.o
                0x20000038                Joystick_StringSerial
 .data.Device_Table
                0x20000054        0x4 Libraries/Goffredo_USB/src/usb_prop.o
                0x20000054                Device_Table
 .data.Device_Property
                0x20000058       0x30 Libraries/Goffredo_USB/src/usb_prop.o
                0x20000058                Device_Property
 .data.User_Standard_Requests
                0x20000088       0x24 Libraries/Goffredo_USB/src/usb_prop.o
                0x20000088                User_Standard_Requests
 .data.Device_Descriptor
                0x200000ac        0x8 Libraries/Goffredo_USB/src/usb_prop.o
                0x200000ac                Device_Descriptor
 .data.Config_Descriptor
                0x200000b4        0x8 Libraries/Goffredo_USB/src/usb_prop.o
                0x200000b4                Config_Descriptor
 .data.Joystick_Report_Descriptor
                0x200000bc        0x8 Libraries/Goffredo_USB/src/usb_prop.o
                0x200000bc                Joystick_Report_Descriptor
 .data.Mouse_Hid_Descriptor
                0x200000c4        0x8 Libraries/Goffredo_USB/src/usb_prop.o
                0x200000c4                Mouse_Hid_Descriptor
 .data.String_Descriptor
                0x200000cc       0x20 Libraries/Goffredo_USB/src/usb_prop.o
                0x200000cc                String_Descriptor
 .data.pEpInt_IN
                0x200000ec       0x1c Libraries/Goffredo_USB/src/usb_istr.o
                0x200000ec                pEpInt_IN
 .data.pEpInt_OUT
                0x20000108       0x1c Libraries/Goffredo_USB/src/usb_istr.o
                0x20000108                pEpInt_OUT
 .data.fSuspendEnabled
                0x20000124        0x1 Libraries/Goffredo_USB/src/usb_pwr.o
                0x20000124                fSuspendEnabled
 *fill*         0x20000125        0x3 00
 .data.impure_data
                0x20000128      0x428 /usr/bin/../lib/gcc/arm-none-eabi/4.7.3/../../../../arm-none-eabi/lib/armv7e-m/fpu/libc.a(lib_a-impure.o)
                0x20000550                . = ALIGN (0x4)
                0x20000550                _edata = .
                0x08005f80                _siccmram = LOADADDR (.ccmram)

.jcr            0x20000550        0x0 load address 0x08005f80
 .jcr           0x20000550        0x0 /usr/bin/../lib/gcc/arm-none-eabi/4.7.3/armv7e-m/fpu/crtbegin.o

.igot.plt       0x20000550        0x0 load address 0x08005f80
 .igot.plt      0x00000000        0x0 /usr/bin/../lib/gcc/arm-none-eabi/4.7.3/armv7e-m/fpu/crtbegin.o

.ccmram         0x10000000        0x0 load address 0x08005f80
                0x10000000                . = ALIGN (0x4)
                0x10000000                _sccmram = .
 *(.ccmram)
 *(.ccmram*)
                0x10000000                . = ALIGN (0x4)
                0x10000000                _eccmram = .
                0x10000000                . = ALIGN (0x4)

.bss            0x20000550      0x170
                0x20000550                _sbss = .
                0x20000550                __bss_start__ = _sbss
 *(.bss)
 .bss           0x20000550       0x1c /usr/bin/../lib/gcc/arm-none-eabi/4.7.3/armv7e-m/fpu/crtbegin.o
 *(.bss*)
 .bss.Data_Mul_MaxPacketSize
                0x2000056c        0x1 Libraries/STM32_USB-FS-Device_Driver/src/usb_core.o
                0x2000056c                Data_Mul_MaxPacketSize
 *fill*         0x2000056d        0x3 00
 .bss.uSec      0x20000570        0x4 src/common.o
                0x20000570                uSec
 .bss.contatoreBufferUSB
                0x20000574        0x1 Libraries/Goffredo_USB/src/usb_endp.o
                0x20000574                contatoreBufferUSB
 .bss.bIntPackSOF
                0x20000575        0x1 Libraries/Goffredo_USB/src/usb_istr.o
                0x20000575                bIntPackSOF
 .bss.bDeviceState
                0x20000576        0x1 Libraries/Goffredo_USB/src/usb_pwr.o
                0x20000576                bDeviceState
 *(COMMON)
 *fill*         0x20000577        0x1 00
 COMMON         0x20000578       0x32 Libraries/STM32_USB-FS-Device_Driver/src/usb_init.o
                0x20000578                SaveState
                0x2000057c                pProperty
                0x20000580                EPindex
                0x20000584                Device_Info
                0x200005a0                pUser_Standard_Requests
                0x200005a4                pInformation
                0x200005a8                wInterrupt_Mask
 *fill*         0x200005aa        0x2 00
 COMMON         0x200005ac        0x2 Libraries/STM32_USB-FS-Device_Driver/src/usb_core.o
                0x200005ac                StatusInfo
 COMMON         0x200005ae        0x4 Libraries/STM32_USB-FS-Device_Driver/src/usb_int.o
                0x200005ae                SaveRState
                0x200005b0                SaveTState
 *fill*         0x200005b2        0x2 00
 COMMON         0x200005b4       0x40 src/main.o
                0x200005b4                Mouse_Buffer
                0x200005b8                RCC_Clocks
 COMMON         0x200005f4       0xb4 Libraries/Goffredo_USB/src/usb_endp.o
                0x200005f4                scrivimi
 COMMON         0x200006a8        0x4 Libraries/Goffredo_USB/src/usb_prop.o
                0x200006a8                ProtocolValue
 COMMON         0x200006ac        0xc Libraries/Goffredo_USB/src/hw_config.o
                0x200006ac                HSEStartUpStatus
                0x200006b0                EXTI_InitStructure
 COMMON         0x200006b8        0x2 Libraries/Goffredo_USB/src/usb_istr.o
                0x200006b8                wIstr
 *fill*         0x200006ba        0x2 00
 COMMON         0x200006bc        0x2 Libraries/Goffredo_USB/src/usb_pwr.o
                0x200006bc                ResumeS
                0x200006c0                . = ALIGN (0x4)
 *fill*         0x200006be        0x2 00
                0x200006c0                _ebss = .
                0x200006c0                __bss_end__ = _ebss

._user_heap_stack
                0x200006c0      0x200
                0x200006c0                . = ALIGN (0x4)
                0x200006c0                PROVIDE (end, .)
                0x200006c0                PROVIDE (_end, .)
                0x200006c0                . = (. + _Min_Heap_Size)
                0x200008c0                . = (. + _Min_Stack_Size)
 *fill*         0x200006c0      0x200 00
                0x200008c0                . = ALIGN (0x4)

.memory_b1_text
 *(.mb1text)
 *(.mb1text*)
 *(.mb1rodata)
 *(.mb1rodata*)

/DISCARD/
 libc.a(*)
 libm.a(*)
 libgcc.a(*)

.ARM.attributes
                0x00000000       0x32
 *(.ARM.attributes)
 .ARM.attributes
                0x00000000       0x24 /usr/bin/../lib/gcc/arm-none-eabi/4.7.3/armv7e-m/fpu/crti.o
 .ARM.attributes
                0x00000024       0x36 /usr/bin/../lib/gcc/arm-none-eabi/4.7.3/armv7e-m/fpu/crtbegin.o
 .ARM.attributes
                0x0000005a       0x3b Libraries/STM32F30x_StdPeriph_Driver/src/stm32f30x_misc.o
 .ARM.attributes
                0x00000095       0x3b Libraries/STM32F30x_StdPeriph_Driver/src/stm32f30x_i2c.o
 .ARM.attributes
                0x000000d0       0x3b Libraries/STM32F30x_StdPeriph_Driver/src/stm32f30x_rcc.o
 .ARM.attributes
                0x0000010b       0x3b Libraries/STM32F30x_StdPeriph_Driver/src/stm32f30x_syscfg.o
 .ARM.attributes
                0x00000146       0x3b Libraries/STM32F30x_StdPeriph_Driver/src/stm32f30x_exti.o
 .ARM.attributes
                0x00000181       0x3b Libraries/STM32F30x_StdPeriph_Driver/src/stm32f30x_spi.o
 .ARM.attributes
                0x000001bc       0x3b Libraries/STM32F30x_StdPeriph_Driver/src/stm32f30x_gpio.o
 .ARM.attributes
                0x000001f7       0x3b Libraries/STM32_USB-FS-Device_Driver/src/usb_mem.o
 .ARM.attributes
                0x00000232       0x3b Libraries/STM32_USB-FS-Device_Driver/src/usb_init.o
 .ARM.attributes
                0x0000026d       0x3b Libraries/STM32_USB-FS-Device_Driver/src/usb_sil.o
 .ARM.attributes
                0x000002a8       0x3b Libraries/STM32_USB-FS-Device_Driver/src/usb_core.o
 .ARM.attributes
                0x000002e3       0x3b Libraries/STM32_USB-FS-Device_Driver/src/usb_regs.o
 .ARM.attributes
                0x0000031e       0x3b Libraries/STM32_USB-FS-Device_Driver/src/usb_int.o
 .ARM.attributes
                0x00000359       0x3b Libraries/STM32F3_Discovery/src/stm32f3_discovery_l3gd20.o
 .ARM.attributes
                0x00000394       0x3b Libraries/STM32F3_Discovery/src/stm32f3_discovery_lsm303dlhc.o
 .ARM.attributes
                0x000003cf       0x3b src/sensors.o
 .ARM.attributes
                0x0000040a       0x3b src/common.o
 .ARM.attributes
                0x00000445       0x3b src/main.o
 .ARM.attributes
                0x00000480       0x3b src/stm32f30x_it.o
 .ARM.attributes
                0x000004bb       0x3b src/usb_main.o
 .ARM.attributes
                0x000004f6       0x3b src/system_stm32f30x.o
 .ARM.attributes
                0x00000531       0x3b Libraries/Goffredo_USB/src/usb_desc.o
 .ARM.attributes
                0x0000056c       0x3b Libraries/Goffredo_USB/src/usb_endp.o
 .ARM.attributes
                0x000005a7       0x3b Libraries/Goffredo_USB/src/usb_prop.o
 .ARM.attributes
                0x000005e2       0x3b Libraries/Goffredo_USB/src/hw_config.o
 .ARM.attributes
                0x0000061d       0x3b Libraries/Goffredo_USB/src/usb_istr.o
 .ARM.attributes
                0x00000658       0x3b Libraries/Goffredo_USB/src/usb_pwr.o
 .ARM.attributes
                0x00000693       0x21 src/startup_stm32f30x.o
 .ARM.attributes
                0x000006b4       0x36 /usr/bin/../lib/gcc/arm-none-eabi/4.7.3/../../../../arm-none-eabi/lib/armv7e-m/fpu/libc.a(lib_a-__atexit.o)
 .ARM.attributes
                0x000006ea       0x36 /usr/bin/../lib/gcc/arm-none-eabi/4.7.3/../../../../arm-none-eabi/lib/armv7e-m/fpu/libc.a(lib_a-fini.o)
 .ARM.attributes
                0x00000720       0x36 /usr/bin/../lib/gcc/arm-none-eabi/4.7.3/../../../../arm-none-eabi/lib/armv7e-m/fpu/libc.a(lib_a-impure.o)
 .ARM.attributes
                0x00000756       0x36 /usr/bin/../lib/gcc/arm-none-eabi/4.7.3/../../../../arm-none-eabi/lib/armv7e-m/fpu/libc.a(lib_a-init.o)
 .ARM.attributes
                0x0000078c       0x36 /usr/bin/../lib/gcc/arm-none-eabi/4.7.3/../../../../arm-none-eabi/lib/armv7e-m/fpu/libc.a(lib_a-__call_atexit.o)
 .ARM.attributes
                0x000007c2       0x36 /usr/bin/../lib/gcc/arm-none-eabi/4.7.3/../../../../arm-none-eabi/lib/armv7e-m/fpu/libc.a(lib_a-atexit.o)
 .ARM.attributes
                0x000007f8       0x24 /usr/bin/../lib/gcc/arm-none-eabi/4.7.3/armv7e-m/fpu/crtn.o
OUTPUT(Navigation.elf elf32-littlearm)

.debug_info     0x00000000     0xa22c
 .debug_info    0x00000000      0x596 Libraries/STM32F30x_StdPeriph_Driver/src/stm32f30x_misc.o
 .debug_info    0x00000596      0xcb2 Libraries/STM32F30x_StdPeriph_Driver/src/stm32f30x_i2c.o
 .debug_info    0x00001248      0xb85 Libraries/STM32F30x_StdPeriph_Driver/src/stm32f30x_rcc.o
 .debug_info    0x00001dcd      0x3fd Libraries/STM32F30x_StdPeriph_Driver/src/stm32f30x_syscfg.o
 .debug_info    0x000021ca      0x3f4 Libraries/STM32F30x_StdPeriph_Driver/src/stm32f30x_exti.o
 .debug_info    0x000025be      0xc50 Libraries/STM32F30x_StdPeriph_Driver/src/stm32f30x_spi.o
 .debug_info    0x0000320e      0x63f Libraries/STM32F30x_StdPeriph_Driver/src/stm32f30x_gpio.o
 .debug_info    0x0000384d      0x1ba Libraries/STM32_USB-FS-Device_Driver/src/usb_mem.o
 .debug_info    0x00003a07      0x499 Libraries/STM32_USB-FS-Device_Driver/src/usb_init.o
 .debug_info    0x00003ea0      0x175 Libraries/STM32_USB-FS-Device_Driver/src/usb_sil.o
 .debug_info    0x00004015      0xc03 Libraries/STM32_USB-FS-Device_Driver/src/usb_core.o
 .debug_info    0x00004c18      0xdac Libraries/STM32_USB-FS-Device_Driver/src/usb_regs.o
 .debug_info    0x000059c4      0x1e6 Libraries/STM32_USB-FS-Device_Driver/src/usb_int.o
 .debug_info    0x00005baa      0x854 Libraries/STM32F3_Discovery/src/stm32f3_discovery_l3gd20.o
 .debug_info    0x000063fe      0xa23 Libraries/STM32F3_Discovery/src/stm32f3_discovery_lsm303dlhc.o
 .debug_info    0x00006e21      0x419 src/sensors.o
 .debug_info    0x0000723a       0xed src/common.o
 .debug_info    0x00007327      0xa14 src/main.o
 .debug_info    0x00007d3b      0x1d5 src/stm32f30x_it.o
 .debug_info    0x00007f10      0x1a7 src/usb_main.o
 .debug_info    0x000080b7      0x4dd src/system_stm32f30x.o
 .debug_info    0x00008594      0x1a4 Libraries/Goffredo_USB/src/usb_desc.o
 .debug_info    0x00008738      0x13d Libraries/Goffredo_USB/src/usb_endp.o
 .debug_info    0x00008875      0x9c2 Libraries/Goffredo_USB/src/usb_prop.o
 .debug_info    0x00009237      0x9c3 Libraries/Goffredo_USB/src/hw_config.o
 .debug_info    0x00009bfa      0x2f3 Libraries/Goffredo_USB/src/usb_istr.o
 .debug_info    0x00009eed      0x2e1 Libraries/Goffredo_USB/src/usb_pwr.o
 .debug_info    0x0000a1ce       0x5e src/startup_stm32f30x.o

.debug_abbrev   0x00000000     0x238d
 .debug_abbrev  0x00000000      0x12b Libraries/STM32F30x_StdPeriph_Driver/src/stm32f30x_misc.o
 .debug_abbrev  0x0000012b      0x182 Libraries/STM32F30x_StdPeriph_Driver/src/stm32f30x_i2c.o
 .debug_abbrev  0x000002ad      0x1e7 Libraries/STM32F30x_StdPeriph_Driver/src/stm32f30x_rcc.o
 .debug_abbrev  0x00000494      0x185 Libraries/STM32F30x_StdPeriph_Driver/src/stm32f30x_syscfg.o
 .debug_abbrev  0x00000619      0x17e Libraries/STM32F30x_StdPeriph_Driver/src/stm32f30x_exti.o
 .debug_abbrev  0x00000797      0x18d Libraries/STM32F30x_StdPeriph_Driver/src/stm32f30x_spi.o
 .debug_abbrev  0x00000924      0x198 Libraries/STM32F30x_StdPeriph_Driver/src/stm32f30x_gpio.o
 .debug_abbrev  0x00000abc       0xa1 Libraries/STM32_USB-FS-Device_Driver/src/usb_mem.o
 .debug_abbrev  0x00000b5d      0x122 Libraries/STM32_USB-FS-Device_Driver/src/usb_init.o
 .debug_abbrev  0x00000c7f       0xbf Libraries/STM32_USB-FS-Device_Driver/src/usb_sil.o
 .debug_abbrev  0x00000d3e      0x28d Libraries/STM32_USB-FS-Device_Driver/src/usb_core.o
 .debug_abbrev  0x00000fcb      0x171 Libraries/STM32_USB-FS-Device_Driver/src/usb_regs.o
 .debug_abbrev  0x0000113c       0xd2 Libraries/STM32_USB-FS-Device_Driver/src/usb_int.o
 .debug_abbrev  0x0000120e      0x1bb Libraries/STM32F3_Discovery/src/stm32f3_discovery_l3gd20.o
 .debug_abbrev  0x000013c9      0x1a1 Libraries/STM32F3_Discovery/src/stm32f3_discovery_lsm303dlhc.o
 .debug_abbrev  0x0000156a      0x10b src/sensors.o
 .debug_abbrev  0x00001675       0x92 src/common.o
 .debug_abbrev  0x00001707      0x1b9 src/main.o
 .debug_abbrev  0x000018c0       0x99 src/stm32f30x_it.o
 .debug_abbrev  0x00001959      0x101 src/usb_main.o
 .debug_abbrev  0x00001a5a      0x149 src/system_stm32f30x.o
 .debug_abbrev  0x00001ba3       0x86 Libraries/Goffredo_USB/src/usb_desc.o
 .debug_abbrev  0x00001c29       0xc4 Libraries/Goffredo_USB/src/usb_endp.o
 .debug_abbrev  0x00001ced      0x1fd Libraries/Goffredo_USB/src/usb_prop.o
 .debug_abbrev  0x00001eea      0x259 Libraries/Goffredo_USB/src/hw_config.o
 .debug_abbrev  0x00002143      0x109 Libraries/Goffredo_USB/src/usb_istr.o
 .debug_abbrev  0x0000224c      0x12f Libraries/Goffredo_USB/src/usb_pwr.o
 .debug_abbrev  0x0000237b       0x12 src/startup_stm32f30x.o

.debug_loc      0x00000000     0x46ca
 .debug_loc     0x00000000      0x118 Libraries/STM32F30x_StdPeriph_Driver/src/stm32f30x_misc.o
 .debug_loc     0x00000118      0x930 Libraries/STM32F30x_StdPeriph_Driver/src/stm32f30x_i2c.o
 .debug_loc     0x00000a48      0x864 Libraries/STM32F30x_StdPeriph_Driver/src/stm32f30x_rcc.o
 .debug_loc     0x000012ac      0x2f8 Libraries/STM32F30x_StdPeriph_Driver/src/stm32f30x_syscfg.o
 .debug_loc     0x000015a4      0x1b4 Libraries/STM32F30x_StdPeriph_Driver/src/stm32f30x_exti.o
 .debug_loc     0x00001758      0x702 Libraries/STM32F30x_StdPeriph_Driver/src/stm32f30x_spi.o
 .debug_loc     0x00001e5a      0x2d8 Libraries/STM32F30x_StdPeriph_Driver/src/stm32f30x_gpio.o
 .debug_loc     0x00002132       0x70 Libraries/STM32_USB-FS-Device_Driver/src/usb_mem.o
 .debug_loc     0x000021a2       0x2c Libraries/STM32_USB-FS-Device_Driver/src/usb_init.o
 .debug_loc     0x000021ce       0x9c Libraries/STM32_USB-FS-Device_Driver/src/usb_sil.o
 .debug_loc     0x0000226a      0x3f8 Libraries/STM32_USB-FS-Device_Driver/src/usb_core.o
 .debug_loc     0x00002662      0xcac Libraries/STM32_USB-FS-Device_Driver/src/usb_regs.o
 .debug_loc     0x0000330e       0x70 Libraries/STM32_USB-FS-Device_Driver/src/usb_int.o
 .debug_loc     0x0000337e      0x2a0 Libraries/STM32F3_Discovery/src/stm32f3_discovery_l3gd20.o
 .debug_loc     0x0000361e      0x380 Libraries/STM32F3_Discovery/src/stm32f3_discovery_lsm303dlhc.o
 .debug_loc     0x0000399e      0x170 src/sensors.o
 .debug_loc     0x00003b0e       0x58 src/common.o
 .debug_loc     0x00003b66      0x150 src/main.o
 .debug_loc     0x00003cb6      0x1b8 src/stm32f30x_it.o
 .debug_loc     0x00003e6e       0xc8 src/usb_main.o
 .debug_loc     0x00003f36       0x9c src/system_stm32f30x.o
 .debug_loc     0x00003fd2       0x38 Libraries/Goffredo_USB/src/usb_endp.o
 .debug_loc     0x0000400a      0x344 Libraries/Goffredo_USB/src/usb_prop.o
 .debug_loc     0x0000434e      0x244 Libraries/Goffredo_USB/src/hw_config.o
 .debug_loc     0x00004592       0x2c Libraries/Goffredo_USB/src/usb_istr.o
 .debug_loc     0x000045be      0x10c Libraries/Goffredo_USB/src/usb_pwr.o

.debug_aranges  0x00000000      0xd18
 .debug_aranges
                0x00000000       0x40 Libraries/STM32F30x_StdPeriph_Driver/src/stm32f30x_misc.o
 .debug_aranges
                0x00000040      0x168 Libraries/STM32F30x_StdPeriph_Driver/src/stm32f30x_i2c.o
 .debug_aranges
                0x000001a8      0x150 Libraries/STM32F30x_StdPeriph_Driver/src/stm32f30x_rcc.o
 .debug_aranges
                0x000002f8       0x88 Libraries/STM32F30x_StdPeriph_Driver/src/stm32f30x_syscfg.o
 .debug_aranges
                0x00000380       0x58 Libraries/STM32F30x_StdPeriph_Driver/src/stm32f30x_exti.o
 .debug_aranges
                0x000003d8      0x118 Libraries/STM32F30x_StdPeriph_Driver/src/stm32f30x_spi.o
 .debug_aranges
                0x000004f0       0x80 Libraries/STM32F30x_StdPeriph_Driver/src/stm32f30x_gpio.o
 .debug_aranges
                0x00000570       0x28 Libraries/STM32_USB-FS-Device_Driver/src/usb_mem.o
 .debug_aranges
                0x00000598       0x20 Libraries/STM32_USB-FS-Device_Driver/src/usb_init.o
 .debug_aranges
                0x000005b8       0x30 Libraries/STM32_USB-FS-Device_Driver/src/usb_sil.o
 .debug_aranges
                0x000005e8       0xb0 Libraries/STM32_USB-FS-Device_Driver/src/usb_core.o
 .debug_aranges
                0x00000698      0x1f0 Libraries/STM32_USB-FS-Device_Driver/src/usb_regs.o
 .debug_aranges
                0x00000888       0x28 Libraries/STM32_USB-FS-Device_Driver/src/usb_int.o
 .debug_aranges
                0x000008b0       0x78 Libraries/STM32F3_Discovery/src/stm32f3_discovery_l3gd20.o
 .debug_aranges
                0x00000928       0x98 Libraries/STM32F3_Discovery/src/stm32f3_discovery_lsm303dlhc.o
 .debug_aranges
                0x000009c0       0x50 src/sensors.o
 .debug_aranges
                0x00000a10       0x28 src/common.o
 .debug_aranges
                0x00000a38       0x48 src/main.o
 .debug_aranges
                0x00000a80       0x68 src/stm32f30x_it.o
 .debug_aranges
                0x00000ae8       0x38 src/usb_main.o
 .debug_aranges
                0x00000b20       0x30 src/system_stm32f30x.o
 .debug_aranges
                0x00000b50       0x18 Libraries/Goffredo_USB/src/usb_desc.o
 .debug_aranges
                0x00000b68       0x20 Libraries/Goffredo_USB/src/usb_endp.o
 .debug_aranges
                0x00000b88       0x98 Libraries/Goffredo_USB/src/usb_prop.o
 .debug_aranges
                0x00000c20       0x70 Libraries/Goffredo_USB/src/hw_config.o
 .debug_aranges
                0x00000c90       0x20 Libraries/Goffredo_USB/src/usb_istr.o
 .debug_aranges
                0x00000cb0       0x40 Libraries/Goffredo_USB/src/usb_pwr.o
 .debug_aranges
                0x00000cf0       0x28 src/startup_stm32f30x.o

.debug_ranges   0x00000000      0xb58
 .debug_ranges  0x00000000       0x30 Libraries/STM32F30x_StdPeriph_Driver/src/stm32f30x_misc.o
 .debug_ranges  0x00000030      0x158 Libraries/STM32F30x_StdPeriph_Driver/src/stm32f30x_i2c.o
 .debug_ranges  0x00000188      0x140 Libraries/STM32F30x_StdPeriph_Driver/src/stm32f30x_rcc.o
 .debug_ranges  0x000002c8       0x78 Libraries/STM32F30x_StdPeriph_Driver/src/stm32f30x_syscfg.o
 .debug_ranges  0x00000340       0x48 Libraries/STM32F30x_StdPeriph_Driver/src/stm32f30x_exti.o
 .debug_ranges  0x00000388      0x108 Libraries/STM32F30x_StdPeriph_Driver/src/stm32f30x_spi.o
 .debug_ranges  0x00000490       0x70 Libraries/STM32F30x_StdPeriph_Driver/src/stm32f30x_gpio.o
 .debug_ranges  0x00000500       0x18 Libraries/STM32_USB-FS-Device_Driver/src/usb_mem.o
 .debug_ranges  0x00000518       0x10 Libraries/STM32_USB-FS-Device_Driver/src/usb_init.o
 .debug_ranges  0x00000528       0x20 Libraries/STM32_USB-FS-Device_Driver/src/usb_sil.o
 .debug_ranges  0x00000548       0xa0 Libraries/STM32_USB-FS-Device_Driver/src/usb_core.o
 .debug_ranges  0x000005e8      0x1e0 Libraries/STM32_USB-FS-Device_Driver/src/usb_regs.o
 .debug_ranges  0x000007c8       0x18 Libraries/STM32_USB-FS-Device_Driver/src/usb_int.o
 .debug_ranges  0x000007e0       0x68 Libraries/STM32F3_Discovery/src/stm32f3_discovery_l3gd20.o
 .debug_ranges  0x00000848       0x88 Libraries/STM32F3_Discovery/src/stm32f3_discovery_lsm303dlhc.o
 .debug_ranges  0x000008d0       0x40 src/sensors.o
 .debug_ranges  0x00000910       0x18 src/common.o
 .debug_ranges  0x00000928       0x38 src/main.o
 .debug_ranges  0x00000960       0x58 src/stm32f30x_it.o
 .debug_ranges  0x000009b8       0x28 src/usb_main.o
 .debug_ranges  0x000009e0       0x20 src/system_stm32f30x.o
 .debug_ranges  0x00000a00       0x10 Libraries/Goffredo_USB/src/usb_endp.o
 .debug_ranges  0x00000a10       0x88 Libraries/Goffredo_USB/src/usb_prop.o
 .debug_ranges  0x00000a98       0x60 Libraries/Goffredo_USB/src/hw_config.o
 .debug_ranges  0x00000af8       0x10 Libraries/Goffredo_USB/src/usb_istr.o
 .debug_ranges  0x00000b08       0x30 Libraries/Goffredo_USB/src/usb_pwr.o
 .debug_ranges  0x00000b38       0x20 src/startup_stm32f30x.o

.debug_line     0x00000000     0x4374
 .debug_line    0x00000000      0x1ba Libraries/STM32F30x_StdPeriph_Driver/src/stm32f30x_misc.o
 .debug_line    0x000001ba      0x4d0 Libraries/STM32F30x_StdPeriph_Driver/src/stm32f30x_i2c.o
 .debug_line    0x0000068a      0x4f2 Libraries/STM32F30x_StdPeriph_Driver/src/stm32f30x_rcc.o
 .debug_line    0x00000b7c      0x22d Libraries/STM32F30x_StdPeriph_Driver/src/stm32f30x_syscfg.o
 .debug_line    0x00000da9      0x21f Libraries/STM32F30x_StdPeriph_Driver/src/stm32f30x_exti.o
 .debug_line    0x00000fc8      0x45a Libraries/STM32F30x_StdPeriph_Driver/src/stm32f30x_spi.o
 .debug_line    0x00001422      0x286 Libraries/STM32F30x_StdPeriph_Driver/src/stm32f30x_gpio.o
 .debug_line    0x000016a8      0x13a Libraries/STM32_USB-FS-Device_Driver/src/usb_mem.o
 .debug_line    0x000017e2      0x11d Libraries/STM32_USB-FS-Device_Driver/src/usb_init.o
 .debug_line    0x000018ff      0x143 Libraries/STM32_USB-FS-Device_Driver/src/usb_sil.o
 .debug_line    0x00001a42      0x478 Libraries/STM32_USB-FS-Device_Driver/src/usb_core.o
 .debug_line    0x00001eba      0x6b1 Libraries/STM32_USB-FS-Device_Driver/src/usb_regs.o
 .debug_line    0x0000256b      0x20d Libraries/STM32_USB-FS-Device_Driver/src/usb_int.o
 .debug_line    0x00002778      0x308 Libraries/STM32F3_Discovery/src/stm32f3_discovery_l3gd20.o
 .debug_line    0x00002a80      0x3ff Libraries/STM32F3_Discovery/src/stm32f3_discovery_lsm303dlhc.o
 .debug_line    0x00002e7f      0x1e9 src/sensors.o
 .debug_line    0x00003068       0xcb src/common.o
 .debug_line    0x00003133      0x26c src/main.o
 .debug_line    0x0000339f      0x193 src/stm32f30x_it.o
 .debug_line    0x00003532      0x142 src/usb_main.o
 .debug_line    0x00003674      0x172 src/system_stm32f30x.o
 .debug_line    0x000037e6       0xc2 Libraries/Goffredo_USB/src/usb_desc.o
 .debug_line    0x000038a8      0x123 Libraries/Goffredo_USB/src/usb_endp.o
 .debug_line    0x000039cb      0x2ca Libraries/Goffredo_USB/src/usb_prop.o
 .debug_line    0x00003c95      0x2f7 Libraries/Goffredo_USB/src/hw_config.o
 .debug_line    0x00003f8c      0x168 Libraries/Goffredo_USB/src/usb_istr.o
 .debug_line    0x000040f4      0x20c Libraries/Goffredo_USB/src/usb_pwr.o
 .debug_line    0x00004300       0x74 src/startup_stm32f30x.o

.debug_str      0x00000000     0x3bff
 .debug_str     0x00000000      0x340 Libraries/STM32F30x_StdPeriph_Driver/src/stm32f30x_misc.o
                                0x398 (size before relaxing)
 .debug_str     0x00000340      0x492 Libraries/STM32F30x_StdPeriph_Driver/src/stm32f30x_i2c.o
                                0x60c (size before relaxing)
 .debug_str     0x000007d2      0x605 Libraries/STM32F30x_StdPeriph_Driver/src/stm32f30x_rcc.o
                                0x7b3 (size before relaxing)
 .debug_str     0x00000dd7      0x263 Libraries/STM32F30x_StdPeriph_Driver/src/stm32f30x_syscfg.o
                                0x3ca (size before relaxing)
 .debug_str     0x0000103a      0x1e4 Libraries/STM32F30x_StdPeriph_Driver/src/stm32f30x_exti.o
                                0x354 (size before relaxing)
 .debug_str     0x0000121e      0x491 Libraries/STM32F30x_StdPeriph_Driver/src/stm32f30x_spi.o
                                0x786 (size before relaxing)
 .debug_str     0x000016af      0x2e9 Libraries/STM32F30x_StdPeriph_Driver/src/stm32f30x_gpio.o
                                0x457 (size before relaxing)
 .debug_str     0x00001998       0x8b Libraries/STM32_USB-FS-Device_Driver/src/usb_mem.o
                                0x1b2 (size before relaxing)
 .debug_str     0x00001a23      0x324 Libraries/STM32_USB-FS-Device_Driver/src/usb_init.o
                                0x4fd (size before relaxing)
 .debug_str     0x00001d47       0x89 Libraries/STM32_USB-FS-Device_Driver/src/usb_sil.o
                                0x1c0 (size before relaxing)
 .debug_str     0x00001dd0      0x4f8 Libraries/STM32_USB-FS-Device_Driver/src/usb_core.o
                                0xa1e (size before relaxing)
 .debug_str     0x000022c8      0x3f7 Libraries/STM32_USB-FS-Device_Driver/src/usb_regs.o
                                0x53a (size before relaxing)
 .debug_str     0x000026bf       0x63 Libraries/STM32_USB-FS-Device_Driver/src/usb_int.o
                                0x1b1 (size before relaxing)
 .debug_str     0x00002722      0x300 Libraries/STM32F3_Discovery/src/stm32f3_discovery_l3gd20.o
                                0x6d5 (size before relaxing)
 .debug_str     0x00002a22      0x39d Libraries/STM32F3_Discovery/src/stm32f3_discovery_lsm303dlhc.o
                                0x8c1 (size before relaxing)
 .debug_str     0x00002dbf      0x13f src/sensors.o
                                0x431 (size before relaxing)
 .debug_str     0x00002efe       0x29 src/common.o
                                0x144 (size before relaxing)
 .debug_str     0x00002f27      0x509 src/main.o
                                0x9ad (size before relaxing)
 .debug_str     0x00003430      0x138 src/stm32f30x_it.o
                                0x26c (size before relaxing)
 .debug_str     0x00003568       0xc0 src/usb_main.o
                                0x1e2 (size before relaxing)
 .debug_str     0x00003628       0x78 src/system_stm32f30x.o
                                0x2a2 (size before relaxing)
 .debug_str     0x000036a0       0xcd Libraries/Goffredo_USB/src/usb_desc.o
                                0x1e2 (size before relaxing)
 .debug_str     0x0000376d       0x3b Libraries/Goffredo_USB/src/usb_endp.o
                                0x1a5 (size before relaxing)
 .debug_str     0x000037a8      0x268 Libraries/Goffredo_USB/src/usb_prop.o
                                0xa0e (size before relaxing)
 .debug_str     0x00003a10      0x12e Libraries/Goffredo_USB/src/hw_config.o
                                0xb86 (size before relaxing)
 .debug_str     0x00003b3e       0x4b Libraries/Goffredo_USB/src/usb_istr.o
                                0x349 (size before relaxing)
 .debug_str     0x00003b89       0x76 Libraries/Goffredo_USB/src/usb_pwr.o
                                0x309 (size before relaxing)

.comment        0x00000000       0x70
 .comment       0x00000000       0x70 Libraries/STM32F30x_StdPeriph_Driver/src/stm32f30x_misc.o
                                 0x71 (size before relaxing)
 .comment       0x00000000       0x71 Libraries/STM32F30x_StdPeriph_Driver/src/stm32f30x_i2c.o
 .comment       0x00000000       0x71 Libraries/STM32F30x_StdPeriph_Driver/src/stm32f30x_rcc.o
 .comment       0x00000000       0x71 Libraries/STM32F30x_StdPeriph_Driver/src/stm32f30x_syscfg.o
 .comment       0x00000000       0x71 Libraries/STM32F30x_StdPeriph_Driver/src/stm32f30x_exti.o
 .comment       0x00000000       0x71 Libraries/STM32F30x_StdPeriph_Driver/src/stm32f30x_spi.o
 .comment       0x00000000       0x71 Libraries/STM32F30x_StdPeriph_Driver/src/stm32f30x_gpio.o
 .comment       0x00000000       0x71 Libraries/STM32_USB-FS-Device_Driver/src/usb_mem.o
 .comment       0x00000000       0x71 Libraries/STM32_USB-FS-Device_Driver/src/usb_init.o
 .comment       0x00000000       0x71 Libraries/STM32_USB-FS-Device_Driver/src/usb_sil.o
 .comment       0x00000000       0x71 Libraries/STM32_USB-FS-Device_Driver/src/usb_core.o
 .comment       0x00000000       0x71 Libraries/STM32_USB-FS-Device_Driver/src/usb_regs.o
 .comment       0x00000000       0x71 Libraries/STM32_USB-FS-Device_Driver/src/usb_int.o
 .comment       0x00000000       0x71 Libraries/STM32F3_Discovery/src/stm32f3_discovery_l3gd20.o
 .comment       0x00000000       0x71 Libraries/STM32F3_Discovery/src/stm32f3_discovery_lsm303dlhc.o
 .comment       0x00000000       0x71 src/sensors.o
 .comment       0x00000000       0x71 src/common.o
 .comment       0x00000000       0x71 src/main.o
 .comment       0x00000000       0x71 src/stm32f30x_it.o
 .comment       0x00000000       0x71 src/usb_main.o
 .comment       0x00000000       0x71 src/system_stm32f30x.o
 .comment       0x00000000       0x71 Libraries/Goffredo_USB/src/usb_desc.o
 .comment       0x00000000       0x71 Libraries/Goffredo_USB/src/usb_endp.o
 .comment       0x00000000       0x71 Libraries/Goffredo_USB/src/usb_prop.o
 .comment       0x00000000       0x71 Libraries/Goffredo_USB/src/hw_config.o
 .comment       0x00000000       0x71 Libraries/Goffredo_USB/src/usb_istr.o
 .comment       0x00000000       0x71 Libraries/Goffredo_USB/src/usb_pwr.o

.debug_frame    0x00000000     0x27e0
 .debug_frame   0x00000000       0x9c Libraries/STM32F30x_StdPeriph_Driver/src/stm32f30x_misc.o
 .debug_frame   0x0000009c      0x4ac Libraries/STM32F30x_StdPeriph_Driver/src/stm32f30x_i2c.o
 .debug_frame   0x00000548      0x44c Libraries/STM32F30x_StdPeriph_Driver/src/stm32f30x_rcc.o
 .debug_frame   0x00000994      0x194 Libraries/STM32F30x_StdPeriph_Driver/src/stm32f30x_syscfg.o
 .debug_frame   0x00000b28       0xec Libraries/STM32F30x_StdPeriph_Driver/src/stm32f30x_exti.o
 .debug_frame   0x00000c14      0x398 Libraries/STM32F30x_StdPeriph_Driver/src/stm32f30x_spi.o
 .debug_frame   0x00000fac      0x180 Libraries/STM32F30x_StdPeriph_Driver/src/stm32f30x_gpio.o
 .debug_frame   0x0000112c       0x48 Libraries/STM32_USB-FS-Device_Driver/src/usb_mem.o
 .debug_frame   0x00001174       0x2c Libraries/STM32_USB-FS-Device_Driver/src/usb_init.o
 .debug_frame   0x000011a0       0x68 Libraries/STM32_USB-FS-Device_Driver/src/usb_sil.o
 .debug_frame   0x00001208      0x254 Libraries/STM32_USB-FS-Device_Driver/src/usb_core.o
 .debug_frame   0x0000145c      0x684 Libraries/STM32_USB-FS-Device_Driver/src/usb_regs.o
 .debug_frame   0x00001ae0       0x50 Libraries/STM32_USB-FS-Device_Driver/src/usb_int.o
 .debug_frame   0x00001b30      0x190 Libraries/STM32F3_Discovery/src/stm32f3_discovery_l3gd20.o
 .debug_frame   0x00001cc0      0x210 Libraries/STM32F3_Discovery/src/stm32f3_discovery_lsm303dlhc.o
 .debug_frame   0x00001ed0       0xe0 src/sensors.o
 .debug_frame   0x00001fb0       0x40 src/common.o
 .debug_frame   0x00001ff0       0xcc src/main.o
 .debug_frame   0x000020bc      0x108 src/stm32f30x_it.o
 .debug_frame   0x000021c4       0x80 src/usb_main.o
 .debug_frame   0x00002244       0x64 src/system_stm32f30x.o
 .debug_frame   0x000022a8       0x30 Libraries/Goffredo_USB/src/usb_endp.o
 .debug_frame   0x000022d8      0x1e0 Libraries/Goffredo_USB/src/usb_prop.o
 .debug_frame   0x000024b8      0x158 Libraries/Goffredo_USB/src/hw_config.o
 .debug_frame   0x00002610       0x2c Libraries/Goffredo_USB/src/usb_istr.o
 .debug_frame   0x0000263c       0xac Libraries/Goffredo_USB/src/usb_pwr.o
 .debug_frame   0x000026e8       0x34 /usr/bin/../lib/gcc/arm-none-eabi/4.7.3/../../../../arm-none-eabi/lib/armv7e-m/fpu/libc.a(lib_a-__atexit.o)
 .debug_frame   0x0000271c       0x2c /usr/bin/../lib/gcc/arm-none-eabi/4.7.3/../../../../arm-none-eabi/lib/armv7e-m/fpu/libc.a(lib_a-fini.o)
 .debug_frame   0x00002748       0x30 /usr/bin/../lib/gcc/arm-none-eabi/4.7.3/../../../../arm-none-eabi/lib/armv7e-m/fpu/libc.a(lib_a-init.o)
 .debug_frame   0x00002778       0x48 /usr/bin/../lib/gcc/arm-none-eabi/4.7.3/../../../../arm-none-eabi/lib/armv7e-m/fpu/libc.a(lib_a-__call_atexit.o)
 .debug_frame   0x000027c0       0x20 /usr/bin/../lib/gcc/arm-none-eabi/4.7.3/../../../../arm-none-eabi/lib/armv7e-m/fpu/libc.a(lib_a-atexit.o)
