Archive member included because of file (symbol)

/usr/bin/../lib/gcc/arm-none-eabi/4.7.3/../../../../arm-none-eabi/lib/armv7e-m/fpu/libc.a(lib_a-__atexit.o)
                              /usr/bin/../lib/gcc/arm-none-eabi/4.7.3/../../../../arm-none-eabi/lib/armv7e-m/fpu/crt0.o (__register_exitproc)
/usr/bin/../lib/gcc/arm-none-eabi/4.7.3/../../../../arm-none-eabi/lib/armv7e-m/fpu/libc.a(lib_a-exit.o)
                              /usr/bin/../lib/gcc/arm-none-eabi/4.7.3/../../../../arm-none-eabi/lib/armv7e-m/fpu/crt0.o (exit)
/usr/bin/../lib/gcc/arm-none-eabi/4.7.3/../../../../arm-none-eabi/lib/armv7e-m/fpu/libc.a(lib_a-fini.o)
                              /usr/bin/../lib/gcc/arm-none-eabi/4.7.3/../../../../arm-none-eabi/lib/armv7e-m/fpu/crt0.o (__libc_fini_array)
/usr/bin/../lib/gcc/arm-none-eabi/4.7.3/../../../../arm-none-eabi/lib/armv7e-m/fpu/libc.a(lib_a-fwrite.o)
                              src/main.o (fwrite)
/usr/bin/../lib/gcc/arm-none-eabi/4.7.3/../../../../arm-none-eabi/lib/armv7e-m/fpu/libc.a(lib_a-impure.o)
                              /usr/bin/../lib/gcc/arm-none-eabi/4.7.3/../../../../arm-none-eabi/lib/armv7e-m/fpu/libc.a(lib_a-__atexit.o) (_global_impure_ptr)
/usr/bin/../lib/gcc/arm-none-eabi/4.7.3/../../../../arm-none-eabi/lib/armv7e-m/fpu/libc.a(lib_a-init.o)
                              /usr/bin/../lib/gcc/arm-none-eabi/4.7.3/../../../../arm-none-eabi/lib/armv7e-m/fpu/crt0.o (__libc_init_array)
/usr/bin/../lib/gcc/arm-none-eabi/4.7.3/../../../../arm-none-eabi/lib/armv7e-m/fpu/libc.a(lib_a-memset.o)
                              /usr/bin/../lib/gcc/arm-none-eabi/4.7.3/../../../../arm-none-eabi/lib/armv7e-m/fpu/crt0.o (memset)
/usr/bin/../lib/gcc/arm-none-eabi/4.7.3/../../../../arm-none-eabi/lib/armv7e-m/fpu/libc.a(lib_a-printf.o)
                              src/main.o (printf)
/usr/bin/../lib/gcc/arm-none-eabi/4.7.3/../../../../arm-none-eabi/lib/armv7e-m/fpu/libc.a(lib_a-putchar.o)
                              src/main.o (putchar)
/usr/bin/../lib/gcc/arm-none-eabi/4.7.3/../../../../arm-none-eabi/lib/armv7e-m/fpu/libc.a(lib_a-reent.o)
                              src/newlib_stubs.o (errno)
/usr/bin/../lib/gcc/arm-none-eabi/4.7.3/../../../../arm-none-eabi/lib/armv7e-m/fpu/libc.a(lib_a-vfprintf.o)
                              /usr/bin/../lib/gcc/arm-none-eabi/4.7.3/../../../../arm-none-eabi/lib/armv7e-m/fpu/libc.a(lib_a-printf.o) (_vfprintf_r)
/usr/bin/../lib/gcc/arm-none-eabi/4.7.3/../../../../arm-none-eabi/lib/armv7e-m/fpu/libc.a(lib_a-wsetup.o)
                              /usr/bin/../lib/gcc/arm-none-eabi/4.7.3/../../../../arm-none-eabi/lib/armv7e-m/fpu/libc.a(lib_a-vfprintf.o) (__swsetup_r)
/usr/bin/../lib/gcc/arm-none-eabi/4.7.3/../../../../arm-none-eabi/lib/armv7e-m/fpu/libc.a(lib_a-__call_atexit.o)
                              /usr/bin/../lib/gcc/arm-none-eabi/4.7.3/../../../../arm-none-eabi/lib/armv7e-m/fpu/libc.a(lib_a-exit.o) (__call_exitprocs)
/usr/bin/../lib/gcc/arm-none-eabi/4.7.3/../../../../arm-none-eabi/lib/armv7e-m/fpu/libc.a(lib_a-atexit.o)
                              /usr/bin/../lib/gcc/arm-none-eabi/4.7.3/../../../../arm-none-eabi/lib/armv7e-m/fpu/libc.a(lib_a-__call_atexit.o) (atexit)
/usr/bin/../lib/gcc/arm-none-eabi/4.7.3/../../../../arm-none-eabi/lib/armv7e-m/fpu/libc.a(lib_a-dtoa.o)
                              /usr/bin/../lib/gcc/arm-none-eabi/4.7.3/../../../../arm-none-eabi/lib/armv7e-m/fpu/libc.a(lib_a-vfprintf.o) (_dtoa_r)
/usr/bin/../lib/gcc/arm-none-eabi/4.7.3/../../../../arm-none-eabi/lib/armv7e-m/fpu/libc.a(lib_a-fflush.o)
                              /usr/bin/../lib/gcc/arm-none-eabi/4.7.3/../../../../arm-none-eabi/lib/armv7e-m/fpu/libc.a(lib_a-vfprintf.o) (_fflush_r)
/usr/bin/../lib/gcc/arm-none-eabi/4.7.3/../../../../arm-none-eabi/lib/armv7e-m/fpu/libc.a(lib_a-findfp.o)
                              /usr/bin/../lib/gcc/arm-none-eabi/4.7.3/../../../../arm-none-eabi/lib/armv7e-m/fpu/libc.a(lib_a-fwrite.o) (__sinit)
/usr/bin/../lib/gcc/arm-none-eabi/4.7.3/../../../../arm-none-eabi/lib/armv7e-m/fpu/libc.a(lib_a-freer.o)
                              /usr/bin/../lib/gcc/arm-none-eabi/4.7.3/../../../../arm-none-eabi/lib/armv7e-m/fpu/libc.a(lib_a-reent.o) (_free_r)
/usr/bin/../lib/gcc/arm-none-eabi/4.7.3/../../../../arm-none-eabi/lib/armv7e-m/fpu/libc.a(lib_a-fvwrite.o)
                              /usr/bin/../lib/gcc/arm-none-eabi/4.7.3/../../../../arm-none-eabi/lib/armv7e-m/fpu/libc.a(lib_a-fwrite.o) (__sfvwrite_r)
/usr/bin/../lib/gcc/arm-none-eabi/4.7.3/../../../../arm-none-eabi/lib/armv7e-m/fpu/libc.a(lib_a-fwalk.o)
                              /usr/bin/../lib/gcc/arm-none-eabi/4.7.3/../../../../arm-none-eabi/lib/armv7e-m/fpu/libc.a(lib_a-findfp.o) (_fwalk)
/usr/bin/../lib/gcc/arm-none-eabi/4.7.3/../../../../arm-none-eabi/lib/armv7e-m/fpu/libc.a(lib_a-locale.o)
                              /usr/bin/../lib/gcc/arm-none-eabi/4.7.3/../../../../arm-none-eabi/lib/armv7e-m/fpu/libc.a(lib_a-vfprintf.o) (_localeconv_r)
[...]
Memory Configuration

Name             Origin             Length             Attributes
FLASH            0x08000000         0x00040000         xr
RAM              0x20000000         0x0000a000         xrw
MEMORY_B1        0x60000000         0x00000000         xr
CCMRAM           0x10000000         0x00002000         rw
*default*        0x00000000         0xffffffff

Linker script and memory map

LOAD /usr/bin/../lib/gcc/arm-none-eabi/4.7.3/armv7e-m/fpu/crti.o
LOAD /usr/bin/../lib/gcc/arm-none-eabi/4.7.3/armv7e-m/fpu/crtbegin.o
LOAD /usr/bin/../lib/gcc/arm-none-eabi/4.7.3/../../../../arm-none-eabi/lib/armv7e-m/fpu/crt0.o
LOAD Libraries/STM32F30x_StdPeriph_Driver/src/stm32f30x_comp.o
LOAD Libraries/STM32F30x_StdPeriph_Driver/src/stm32f30x_opamp.o
LOAD Libraries/STM32F30x_StdPeriph_Driver/src/stm32f30x_misc.o
LOAD Libraries/STM32F30x_StdPeriph_Driver/src/stm32f30x_wwdg.o
LOAD Libraries/STM32F30x_StdPeriph_Driver/src/stm32f30x_dma.o
LOAD Libraries/STM32F30x_StdPeriph_Driver/src/stm32f30x_dbgmcu.o
LOAD Libraries/STM32F30x_StdPeriph_Driver/src/stm32f30x_dac.o
LOAD Libraries/STM32F30x_StdPeriph_Driver/src/stm32f30x_can.o
LOAD Libraries/STM32F30x_StdPeriph_Driver/src/stm32f30x_pwr.o
LOAD Libraries/STM32F30x_StdPeriph_Driver/src/stm32f30x_i2c.o
LOAD Libraries/STM32F30x_StdPeriph_Driver/src/stm32f30x_crc.o
LOAD Libraries/STM32F30x_StdPeriph_Driver/src/stm32f30x_iwdg.o
LOAD Libraries/STM32F30x_StdPeriph_Driver/src/stm32f30x_rcc.o
LOAD Libraries/STM32F30x_StdPeriph_Driver/src/stm32f30x_flash.o
LOAD Libraries/STM32F30x_StdPeriph_Driver/src/stm32f30x_syscfg.o
LOAD Libraries/STM32F30x_StdPeriph_Driver/src/stm32f30x_exti.o
LOAD Libraries/STM32F30x_StdPeriph_Driver/src/stm32f30x_usart.o
LOAD Libraries/STM32F30x_StdPeriph_Driver/src/stm32f30x_rtc.o
LOAD Libraries/STM32F30x_StdPeriph_Driver/src/stm32f30x_tim.o
LOAD Libraries/STM32F30x_StdPeriph_Driver/src/stm32f30x_adc.o
LOAD Libraries/STM32F30x_StdPeriph_Driver/src/stm32f30x_spi.o
LOAD Libraries/STM32F30x_StdPeriph_Driver/src/stm32f30x_gpio.o
LOAD src/sensors.o
LOAD src/common.o
LOAD src/stm32f3_discovery_l3gd20.o
LOAD src/stm32f3_discovery.o
LOAD src/newlib_stubs.o
LOAD src/stm32f3_discovery_lsm303dlhc.o
LOAD src/main.o
LOAD src/system_stm32f30x.o
LOAD src/usart.o
LOAD src/startup_stm32f30x.o
LOAD /usr/bin/../lib/gcc/arm-none-eabi/4.7.3/../../../../arm-none-eabi/lib/armv7e-m/fpu/libm.a
LOAD /usr/bin/../lib/gcc/arm-none-eabi/4.7.3/../../../../arm-none-eabi/lib/armv7e-m/fpu/libc.a
START GROUP
LOAD /usr/bin/../lib/gcc/arm-none-eabi/4.7.3/armv7e-m/fpu/libgcc.a
LOAD /usr/bin/../lib/gcc/arm-none-eabi/4.7.3/../../../../arm-none-eabi/lib/armv7e-m/fpu/libg.a
LOAD /usr/bin/../lib/gcc/arm-none-eabi/4.7.3/../../../../arm-none-eabi/lib/armv7e-m/fpu/libc.a
END GROUP
LOAD /usr/bin/../lib/gcc/arm-none-eabi/4.7.3/armv7e-m/fpu/crtend.o
LOAD /usr/bin/../lib/gcc/arm-none-eabi/4.7.3/armv7e-m/fpu/crtn.o
                0x2000a000                _estack = 0x2000a000
                0x00000000                _Min_Heap_Size = 0x0
                0x00000200                _Min_Stack_Size = 0x200

.isr_vector     0x08000000      0x188
                0x08000000                . = ALIGN (0x4)
 *(.isr_vector)
 .isr_vector    0x08000000      0x188 src/startup_stm32f30x.o
                0x08000000                g_pfnVectors
                0x08000188                . = ALIGN (0x4)

.text           0x08000188     0xa288
                0x08000188                . = ALIGN (0x4)
 *(.text)
 .text          0x08000188       0x54 /usr/bin/../lib/gcc/arm-none-eabi/4.7.3/armv7e-m/fpu/crtbegin.o
 .text          0x080001dc      0x370 /usr/bin/../lib/gcc/arm-none-eabi/4.7.3/armv7e-m/fpu/libgcc.a(_arm_addsubdf3.o)
                0x080001dc                __aeabi_drsub
                0x080001e4                __aeabi_dsub
                0x080001e4                __subdf3
                0x080001e8                __adddf3
                0x080001e8                __aeabi_dadd
                0x08000460                __aeabi_ui2d
                0x08000460                __floatunsidf
                0x08000480                __floatsidf
                0x08000480                __aeabi_i2d
                0x080004a4                __extendsfdf2
                0x080004a4                __aeabi_f2d
                0x080004e0                __aeabi_ul2d
                0x080004e0                __floatundidf
                0x080004f0                __floatdidf
                0x080004f0                __aeabi_l2d
 .text          0x0800054c      0x424 /usr/bin/../lib/gcc/arm-none-eabi/4.7.3/armv7e-m/fpu/libgcc.a(_arm_muldivdf3.o)
                0x0800054c                __aeabi_dmul
                0x0800054c                __muldf3
                0x080007a0                __aeabi_ddiv
                0x080007a0                __divdf3
 .text          0x08000970      0x110 /usr/bin/../lib/gcc/arm-none-eabi/4.7.3/armv7e-m/fpu/libgcc.a(_arm_cmpdf2.o)
                0x08000970                __gtdf2
                0x08000970                __gedf2
                0x08000978                __ltdf2
                0x08000978                __ledf2
                0x08000980                __cmpdf2
                0x08000980                __eqdf2
                0x08000980                __nedf2
                0x080009fc                __aeabi_cdrcmple
                0x08000a0c                __aeabi_cdcmple
                0x08000a0c                __aeabi_cdcmpeq
                0x08000a1c                __aeabi_dcmpeq
                0x08000a30                __aeabi_dcmplt
                0x08000a44                __aeabi_dcmple
                0x08000a58                __aeabi_dcmpge
                0x08000a6c                __aeabi_dcmpgt
 .text          0x08000a80       0x50 /usr/bin/../lib/gcc/arm-none-eabi/4.7.3/armv7e-m/fpu/libgcc.a(_arm_fixdfsi.o)
                0x08000a80                __fixdfsi
                0x08000a80                __aeabi_d2iz
 .text          0x08000ad0       0x2c /usr/bin/../lib/gcc/arm-none-eabi/4.7.3/armv7e-m/fpu/libgcc.a(_aeabi_uldivmod.o)
                0x08000ad0                __aeabi_uldivmod
 .text          0x08000afc       0x58 /usr/bin/../lib/gcc/arm-none-eabi/4.7.3/armv7e-m/fpu/libgcc.a(bpabi.o)
                0x08000afc                __gnu_ldivmod_helper
                0x08000b28                __gnu_uldivmod_helper
 .text          0x08000b54        0x4 /usr/bin/../lib/gcc/arm-none-eabi/4.7.3/armv7e-m/fpu/libgcc.a(_dvmd_tls.o)
                0x08000b54                __aeabi_ldiv0
                0x08000b54                __aeabi_idiv0
 .text          0x08000b58      0x2bc /usr/bin/../lib/gcc/arm-none-eabi/4.7.3/armv7e-m/fpu/libgcc.a(_divdi3.o)
                0x08000b58                __divdi3
 .text          0x08000e14      0x288 /usr/bin/../lib/gcc/arm-none-eabi/4.7.3/armv7e-m/fpu/libgcc.a(_udivdi3.o)
                0x08000e14                __udivdi3
 *(.text*)
 .text.NVIC_Init
                0x0800109c       0xe8 Libraries/STM32F30x_StdPeriph_Driver/src/stm32f30x_misc.o
                0x0800109c                NVIC_Init
 .text.I2C_Init
                0x08001184       0xd4 Libraries/STM32F30x_StdPeriph_Driver/src/stm32f30x_i2c.o
                0x08001184                I2C_Init
 .text.I2C_Cmd  0x08001258       0x38 Libraries/STM32F30x_StdPeriph_Driver/src/stm32f30x_i2c.o
                0x08001258                I2C_Cmd
 .text.I2C_TransferHandling
                0x08001290       0x60 Libraries/STM32F30x_StdPeriph_Driver/src/stm32f30x_i2c.o
                0x08001290                I2C_TransferHandling
 .text.I2C_SendData
                0x080012f0       0x1c Libraries/STM32F30x_StdPeriph_Driver/src/stm32f30x_i2c.o
                0x080012f0                I2C_SendData
 .text.I2C_ReceiveData
                0x0800130c       0x1c Libraries/STM32F30x_StdPeriph_Driver/src/stm32f30x_i2c.o
                0x0800130c                I2C_ReceiveData
 .text.I2C_GetFlagStatus
                0x08001328       0x48 Libraries/STM32F30x_StdPeriph_Driver/src/stm32f30x_i2c.o
                0x08001328                I2C_GetFlagStatus
 .text.I2C_ClearFlag
                0x08001370       0x1c Libraries/STM32F30x_StdPeriph_Driver/src/stm32f30x_i2c.o
                0x08001370                I2C_ClearFlag
 .text.RCC_GetClocksFreq
                0x0800138c      0x550 Libraries/STM32F30x_StdPeriph_Driver/src/stm32f30x_rcc.o
                0x0800138c                RCC_GetClocksFreq
 .text.RCC_AHBPeriphClockCmd
                0x080018dc       0x58 Libraries/STM32F30x_StdPeriph_Driver/src/stm32f30x_rcc.o
                0x080018dc                RCC_AHBPeriphClockCmd
 .text.RCC_APB2PeriphClockCmd
                0x08001934       0x58 Libraries/STM32F30x_StdPeriph_Driver/src/stm32f30x_rcc.o
                0x08001934                RCC_APB2PeriphClockCmd
 .text.RCC_APB1PeriphClockCmd
                0x0800198c       0x58 Libraries/STM32F30x_StdPeriph_Driver/src/stm32f30x_rcc.o
                0x0800198c                RCC_APB1PeriphClockCmd
 .text.RCC_APB2PeriphResetCmd
                0x080019e4       0x58 Libraries/STM32F30x_StdPeriph_Driver/src/stm32f30x_rcc.o
                0x080019e4                RCC_APB2PeriphResetCmd
 .text.RCC_APB1PeriphResetCmd
                0x08001a3c       0x58 Libraries/STM32F30x_StdPeriph_Driver/src/stm32f30x_rcc.o
                0x08001a3c                RCC_APB1PeriphResetCmd
 .text.SYSCFG_EXTILineConfig
                0x08001a94       0xb4 Libraries/STM32F30x_StdPeriph_Driver/src/stm32f30x_syscfg.o
                0x08001a94                SYSCFG_EXTILineConfig
 .text.EXTI_Init
                0x08001b48      0x288 Libraries/STM32F30x_StdPeriph_Driver/src/stm32f30x_exti.o
                0x08001b48                EXTI_Init
 .text.EXTI_GetITStatus
                0x08001dd0       0x88 Libraries/STM32F30x_StdPeriph_Driver/src/stm32f30x_exti.o
                0x08001dd0                EXTI_GetITStatus
 .text.EXTI_ClearITPendingBit
                0x08001e58       0x38 Libraries/STM32F30x_StdPeriph_Driver/src/stm32f30x_exti.o
                0x08001e58                EXTI_ClearITPendingBit
 .text.USART_Init
                0x08001e90      0x190 Libraries/STM32F30x_StdPeriph_Driver/src/stm32f30x_usart.o
                0x08001e90                USART_Init
 .text.USART_Cmd
                0x08002020       0x38 Libraries/STM32F30x_StdPeriph_Driver/src/stm32f30x_usart.o
                0x08002020                USART_Cmd
 .text.SPI_I2S_DeInit
                0x08002058       0x88 Libraries/STM32F30x_StdPeriph_Driver/src/stm32f30x_spi.o
                0x08002058                SPI_I2S_DeInit
 .text.SPI_Init
                0x080020e0      0x118 Libraries/STM32F30x_StdPeriph_Driver/src/stm32f30x_spi.o
                0x080020e0                SPI_Init
 .text.SPI_Cmd  0x080021f8       0x40 Libraries/STM32F30x_StdPeriph_Driver/src/stm32f30x_spi.o
                0x080021f8                SPI_Cmd
 .text.SPI_RxFIFOThresholdConfig
                0x08002238       0x38 Libraries/STM32F30x_StdPeriph_Driver/src/stm32f30x_spi.o
                0x08002238                SPI_RxFIFOThresholdConfig
 .text.SPI_SendData8
                0x08002270       0x30 Libraries/STM32F30x_StdPeriph_Driver/src/stm32f30x_spi.o
                0x08002270                SPI_SendData8
 .text.SPI_ReceiveData8
                0x080022a0       0x2c Libraries/STM32F30x_StdPeriph_Driver/src/stm32f30x_spi.o
                0x080022a0                SPI_ReceiveData8
 .text.SPI_I2S_GetFlagStatus
                0x080022cc       0x40 Libraries/STM32F30x_StdPeriph_Driver/src/stm32f30x_spi.o
                0x080022cc                SPI_I2S_GetFlagStatus
 .text.GPIO_Init
                0x0800230c      0x15c Libraries/STM32F30x_StdPeriph_Driver/src/stm32f30x_gpio.o
                0x0800230c                GPIO_Init
 .text.GPIO_ReadInputDataBit
                0x08002468       0x40 Libraries/STM32F30x_StdPeriph_Driver/src/stm32f30x_gpio.o
                0x08002468                GPIO_ReadInputDataBit
 .text.GPIO_SetBits
                0x080024a8       0x1c Libraries/STM32F30x_StdPeriph_Driver/src/stm32f30x_gpio.o
                0x080024a8                GPIO_SetBits
 .text.GPIO_ResetBits
                0x080024c4       0x1c Libraries/STM32F30x_StdPeriph_Driver/src/stm32f30x_gpio.o
                0x080024c4                GPIO_ResetBits
 .text.GPIO_PinAFConfig
                0x080024e0       0xac Libraries/STM32F30x_StdPeriph_Driver/src/stm32f30x_gpio.o
                0x080024e0                GPIO_PinAFConfig
 .text.Gyro_Config
                0x0800258c       0x60 src/sensors.o
                0x0800258c                Gyro_Config
 .text.Gyro_ReadAngRate
                0x080025ec      0x10c src/sensors.o
                0x080025ec                Gyro_ReadAngRate
 .text.Compass_Config
                0x080026f8       0x94 src/sensors.o
                0x080026f8                Compass_Config
 .text.Compass_ReadAcc
                0x0800278c       0xb4 src/sensors.o
                0x0800278c                Compass_ReadAcc
 .text.Compass_ReadMag
                0x08002840       0xb4 src/sensors.o
                0x08002840                Compass_ReadMag
 .text.LSM303DLHC_TIMEOUT_UserCallback
                0x080028f4       0x10 src/sensors.o
                0x080028f4                LSM303DLHC_TIMEOUT_UserCallback
 .text.L3GD20_TIMEOUT_UserCallback
                0x08002904       0x10 src/sensors.o
                0x08002904                L3GD20_TIMEOUT_UserCallback
 .text.micros   0x08002914       0x18 src/common.o
                0x08002914                micros
 .text.SysTick_Handler
                0x0800292c       0x24 src/common.o
                0x0800292c                SysTick_Handler
 .text.L3GD20_Init
                0x08002950       0x84 src/stm32f3_discovery_l3gd20.o
                0x08002950                L3GD20_Init
 .text.L3GD20_FilterConfig
                0x080029d4       0x54 src/stm32f3_discovery_l3gd20.o
                0x080029d4                L3GD20_FilterConfig
 .text.L3GD20_FilterCmd
                0x08002a28       0x4c src/stm32f3_discovery_l3gd20.o
                0x08002a28                L3GD20_FilterCmd
 .text.L3GD20_Write
                0x08002a74       0x70 src/stm32f3_discovery_l3gd20.o
                0x08002a74                L3GD20_Write
 .text.L3GD20_Read
                0x08002ae4       0x80 src/stm32f3_discovery_l3gd20.o
                0x08002ae4                L3GD20_Read
 .text.L3GD20_LowLevel_Init
                0x08002b64      0x1c4 src/stm32f3_discovery_l3gd20.o
 .text.L3GD20_SendByte
                0x08002d28       0xe0 src/stm32f3_discovery_l3gd20.o
 .text.STM_EVAL_LEDInit
                0x08002e08       0x6c src/stm32f3_discovery.o
                0x08002e08                STM_EVAL_LEDInit
 .text.STM_EVAL_PBInit
                0x08002e74       0xec src/stm32f3_discovery.o
                0x08002e74                STM_EVAL_PBInit
 .text.STM_EVAL_PBGetState
                0x08002f60       0x3c src/stm32f3_discovery.o
                0x08002f60                STM_EVAL_PBGetState
 .text._close   0x08002f9c       0x18 src/newlib_stubs.o
                0x08002f9c                _close
 .text._fstat   0x08002fb4       0x24 src/newlib_stubs.o
                0x08002fb4                _fstat
 .text._isatty  0x08002fd8       0x38 src/newlib_stubs.o
                0x08002fd8                _isatty
 .text._lseek   0x08003010       0x1c src/newlib_stubs.o
                0x08003010                _lseek
 .text._sbrk    0x0800302c       0x9c src/newlib_stubs.o
                0x0800302c                _sbrk
 .text._read    0x080030c8       0x8c src/newlib_stubs.o
                0x080030c8                _read
 .text._write   0x08003154       0xc4 src/newlib_stubs.o
                0x08003154                _write
 .text.LSM303DLHC_AccInit
                0x08003218       0x84 src/stm32f3_discovery_lsm303dlhc.o
                0x08003218                LSM303DLHC_AccInit
 .text.LSM303DLHC_AccFilterConfig
                0x0800329c       0x68 src/stm32f3_discovery_lsm303dlhc.o
                0x0800329c                LSM303DLHC_AccFilterConfig
 .text.LSM303DLHC_MagInit
                0x08003304       0x88 src/stm32f3_discovery_lsm303dlhc.o
                0x08003304                LSM303DLHC_MagInit
 .text.LSM303DLHC_Write
                0x0800338c      0x240 src/stm32f3_discovery_lsm303dlhc.o
                0x0800338c                LSM303DLHC_Write
 .text.LSM303DLHC_Read
                0x080035cc      0x26c src/stm32f3_discovery_lsm303dlhc.o
                0x080035cc                LSM303DLHC_Read
 .text.LSM303DLHC_LowLevel_Init
                0x08003838      0x1d0 src/stm32f3_discovery_lsm303dlhc.o
 .text.NVIC_SetPriority
                0x08003a08       0x5c src/main.o
 .text.SysTick_Config
                0x08003a64       0x64 src/main.o
 .text.main     0x08003ac8      0x200 src/main.o
                0x08003ac8                main
 .text.EXTI0_IRQHandler
                0x08003cc8       0xb4 src/main.o
                0x08003cc8                EXTI0_IRQHandler
 .text.SystemInit
                0x08003d7c       0xec src/system_stm32f30x.o
                0x08003d7c                SystemInit
 .text.SetSysClock
                0x08003e68      0x1d8 src/system_stm32f30x.o
 .text.USART2_Init
                0x08004040      0x134 src/usart.o
                0x08004040                USART2_Init
 .text.Reset_Handler
                0x08004174       0x48 src/startup_stm32f30x.o
                0x08004174                Reset_Handler
 .text.Default_Handler
                0x080041bc        0x2 src/startup_stm32f30x.o
                0x080041bc                RTC_Alarm_IRQHandler
                0x080041bc                TIM8_TRG_COM_IRQHandler
                0x080041bc                TIM8_CC_IRQHandler
                0x080041bc                DebugMon_Handler
                0x080041bc                TIM1_CC_IRQHandler
                0x080041bc                HardFault_Handler
                0x080041bc                USB_HP_IRQHandler
                0x080041bc                PVD_IRQHandler
                0x080041bc                PendSV_Handler
                0x080041bc                NMI_Handler
                0x080041bc                EXTI3_IRQHandler
                0x080041bc                I2C2_EV_IRQHandler
                0x080041bc                FPU_IRQHandler
                0x080041bc                EXTI2_TS_IRQHandler
                0x080041bc                TIM1_UP_TIM16_IRQHandler
                0x080041bc                UsageFault_Handler
                0x080041bc                ADC1_2_IRQHandler
                0x080041bc                SPI1_IRQHandler
                0x080041bc                TIM6_DAC_IRQHandler
                0x080041bc                TIM8_UP_IRQHandler
                0x080041bc                DMA2_Channel2_IRQHandler
                0x080041bc                DMA1_Channel4_IRQHandler
                0x080041bc                USART3_IRQHandler
                0x080041bc                DMA1_Channel7_IRQHandler
                0x080041bc                CAN1_RX1_IRQHandler
                0x080041bc                UART5_IRQHandler
                0x080041bc                ADC3_IRQHandler
                0x080041bc                TIM4_IRQHandler
                0x080041bc                DMA2_Channel1_IRQHandler
                0x080041bc                I2C1_EV_IRQHandler
                0x080041bc                DMA1_Channel6_IRQHandler
                0x080041bc                UART4_IRQHandler
                0x080041bc                DMA2_Channel4_IRQHandler
                0x080041bc                TIM3_IRQHandler
                0x080041bc                RCC_IRQHandler
                0x080041bc                DMA1_Channel1_IRQHandler
                0x080041bc                Default_Handler
                0x080041bc                USBWakeUp_RMP_IRQHandler
                0x080041bc                EXTI15_10_IRQHandler
                0x080041bc                TIM7_IRQHandler
                0x080041bc                EXTI9_5_IRQHandler
                0x080041bc                TAMPER_STAMP_IRQHandler
                0x080041bc                RTC_WKUP_IRQHandler
                0x080041bc                SPI2_IRQHandler
                0x080041bc                MemManage_Handler
                0x080041bc                SVC_Handler
                0x080041bc                DMA2_Channel5_IRQHandler
                0x080041bc                DMA1_Channel5_IRQHandler
                0x080041bc                USB_LP_IRQHandler
                0x080041bc                EXTI4_IRQHandler
                0x080041bc                USB_LP_CAN1_RX0_IRQHandler
                0x080041bc                TIM1_TRG_COM_TIM17_IRQHandler
                0x080041bc                USB_HP_CAN1_TX_IRQHandler
                0x080041bc                DMA1_Channel3_IRQHandler
                0x080041bc                ADC4_IRQHandler
                0x080041bc                WWDG_IRQHandler
                0x080041bc                TIM2_IRQHandler
                0x080041bc                COMP7_IRQHandler
                0x080041bc                COMP1_2_3_IRQHandler
                0x080041bc                EXTI1_IRQHandler
                0x080041bc                USART2_IRQHandler
                0x080041bc                COMP4_5_6_IRQHandler
                0x080041bc                I2C2_ER_IRQHandler
                0x080041bc                DMA1_Channel2_IRQHandler
                0x080041bc                TIM8_BRK_IRQHandler
                0x080041bc                CAN1_SCE_IRQHandler
                0x080041bc                FLASH_IRQHandler
                0x080041bc                BusFault_Handler
                0x080041bc                USART1_IRQHandler
                0x080041bc                SPI3_IRQHandler
                0x080041bc                I2C1_ER_IRQHandler
                0x080041bc                USBWakeUp_IRQHandler
                0x080041bc                DMA2_Channel3_IRQHandler
                0x080041bc                TIM1_BRK_TIM15_IRQHandler
 *fill*         0x080041be        0x2 00
 .text.__register_exitproc
                0x080041c0       0xac /usr/bin/../lib/gcc/arm-none-eabi/4.7.3/../../../../arm-none-eabi/lib/armv7e-m/fpu/libc.a(lib_a-__atexit.o)
                0x080041c0                __register_exitproc
 .text.__libc_fini_array
                0x0800426c       0x50 /usr/bin/../lib/gcc/arm-none-eabi/4.7.3/../../../../arm-none-eabi/lib/armv7e-m/fpu/libc.a(lib_a-fini.o)
                0x0800426c                __libc_fini_array
 .text._fwrite_r
                0x080042bc       0x60 /usr/bin/../lib/gcc/arm-none-eabi/4.7.3/../../../../arm-none-eabi/lib/armv7e-m/fpu/libc.a(lib_a-fwrite.o)
                0x080042bc                _fwrite_r
 .text.fwrite   0x0800431c       0x24 /usr/bin/../lib/gcc/arm-none-eabi/4.7.3/../../../../arm-none-eabi/lib/armv7e-m/fpu/libc.a(lib_a-fwrite.o)
                0x0800431c                fwrite
 .text.__libc_init_array
                0x08004340       0x94 /usr/bin/../lib/gcc/arm-none-eabi/4.7.3/../../../../arm-none-eabi/lib/armv7e-m/fpu/libc.a(lib_a-init.o)
                0x08004340                __libc_init_array
 .text.memset   0x080043d4      0x12c /usr/bin/../lib/gcc/arm-none-eabi/4.7.3/../../../../arm-none-eabi/lib/armv7e-m/fpu/libc.a(lib_a-memset.o)
                0x080043d4                memset
 .text.printf   0x08004500       0x28 /usr/bin/../lib/gcc/arm-none-eabi/4.7.3/../../../../arm-none-eabi/lib/armv7e-m/fpu/libc.a(lib_a-printf.o)
                0x08004500                printf
 .text.putchar  0x08004528       0x14 /usr/bin/../lib/gcc/arm-none-eabi/4.7.3/../../../../arm-none-eabi/lib/armv7e-m/fpu/libc.a(lib_a-putchar.o)
                0x08004528                putchar
 .text._vfprintf_r
                0x0800453c     0x1e90 /usr/bin/../lib/gcc/arm-none-eabi/4.7.3/../../../../arm-none-eabi/lib/armv7e-m/fpu/libc.a(lib_a-vfprintf.o)
                0x0800453c                _vfprintf_r
 .text.__swsetup_r
                0x080063cc       0xc4 /usr/bin/../lib/gcc/arm-none-eabi/4.7.3/../../../../arm-none-eabi/lib/armv7e-m/fpu/libc.a(lib_a-wsetup.o)
                0x080063cc                __swsetup_r
 .text.startup.register_fini
                0x08006490       0x14 /usr/bin/../lib/gcc/arm-none-eabi/4.7.3/../../../../arm-none-eabi/lib/armv7e-m/fpu/libc.a(lib_a-__call_atexit.o)
 .text.atexit   0x080064a4        0xc /usr/bin/../lib/gcc/arm-none-eabi/4.7.3/../../../../arm-none-eabi/lib/armv7e-m/fpu/libc.a(lib_a-atexit.o)
                0x080064a4                atexit
 .text.quorem   0x080064b0      0x2ec /usr/bin/../lib/gcc/arm-none-eabi/4.7.3/../../../../arm-none-eabi/lib/armv7e-m/fpu/libc.a(lib_a-dtoa.o)
 *fill*         0x0800679c        0x4 00
 .text._dtoa_r  0x080067a0     0x1260 /usr/bin/../lib/gcc/arm-none-eabi/4.7.3/../../../../arm-none-eabi/lib/armv7e-m/fpu/libc.a(lib_a-dtoa.o)
                0x080067a0                _dtoa_r
 .text._fflush_r
                0x08007a00      0x168 /usr/bin/../lib/gcc/arm-none-eabi/4.7.3/../../../../arm-none-eabi/lib/armv7e-m/fpu/libc.a(lib_a-fflush.o)
                0x08007a00                _fflush_r
 .text._cleanup_r
                0x08007b68        0xc /usr/bin/../lib/gcc/arm-none-eabi/4.7.3/../../../../arm-none-eabi/lib/armv7e-m/fpu/libc.a(lib_a-findfp.o)
                0x08007b68                _cleanup_r
 .text.std.isra.0
                0x08007b74       0x50 /usr/bin/../lib/gcc/arm-none-eabi/4.7.3/../../../../arm-none-eabi/lib/armv7e-m/fpu/libc.a(lib_a-findfp.o)
 .text.__sinit  0x08007bc4       0x4c /usr/bin/../lib/gcc/arm-none-eabi/4.7.3/../../../../arm-none-eabi/lib/armv7e-m/fpu/libc.a(lib_a-findfp.o)
                0x08007bc4                __sinit
 .text.__sfp_lock_acquire
                0x08007c10        0x4 /usr/bin/../lib/gcc/arm-none-eabi/4.7.3/../../../../arm-none-eabi/lib/armv7e-m/fpu/libc.a(lib_a-findfp.o)
                0x08007c10                __sfp_lock_acquire
 .text.__sfp_lock_release
                0x08007c14        0x4 /usr/bin/../lib/gcc/arm-none-eabi/4.7.3/../../../../arm-none-eabi/lib/armv7e-m/fpu/libc.a(lib_a-findfp.o)
                0x08007c14                __sfp_lock_release
 .text._malloc_trim_r
                0x08007c18       0x98 /usr/bin/../lib/gcc/arm-none-eabi/4.7.3/../../../../arm-none-eabi/lib/armv7e-m/fpu/libc.a(lib_a-freer.o)
                0x08007c18                _malloc_trim_r
 .text._free_r  0x08007cb0      0x194 /usr/bin/../lib/gcc/arm-none-eabi/4.7.3/../../../../arm-none-eabi/lib/armv7e-m/fpu/libc.a(lib_a-freer.o)
                0x08007cb0                _free_r
 .text.__sfvwrite_r
                0x08007e44      0x314 /usr/bin/../lib/gcc/arm-none-eabi/4.7.3/../../../../arm-none-eabi/lib/armv7e-m/fpu/libc.a(lib_a-fvwrite.o)
                0x08007e44                __sfvwrite_r
 .text._fwalk   0x08008158       0xb8 /usr/bin/../lib/gcc/arm-none-eabi/4.7.3/../../../../arm-none-eabi/lib/armv7e-m/fpu/libc.a(lib_a-fwalk.o)
                0x08008158                _fwalk
 .text.__locale_charset
                0x08008210        0xc /usr/bin/../lib/gcc/arm-none-eabi/4.7.3/../../../../arm-none-eabi/lib/armv7e-m/fpu/libc.a(lib_a-locale.o)
                0x08008210                __locale_charset
 .text.__locale_mb_cur_max
                0x0800821c        0xc /usr/bin/../lib/gcc/arm-none-eabi/4.7.3/../../../../arm-none-eabi/lib/armv7e-m/fpu/libc.a(lib_a-locale.o)
                0x0800821c                __locale_mb_cur_max
 .text._localeconv_r
                0x08008228        0xc /usr/bin/../lib/gcc/arm-none-eabi/4.7.3/../../../../arm-none-eabi/lib/armv7e-m/fpu/libc.a(lib_a-locale.o)
                0x08008228                _localeconv_r
 .text.__smakebuf_r
                0x08008234       0xe8 /usr/bin/../lib/gcc/arm-none-eabi/4.7.3/../../../../arm-none-eabi/lib/armv7e-m/fpu/libc.a(lib_a-makebuf.o)
                0x08008234                __smakebuf_r
 .text._malloc_r
                0x0800831c      0x55c /usr/bin/../lib/gcc/arm-none-eabi/4.7.3/../../../../arm-none-eabi/lib/armv7e-m/fpu/libc.a(lib_a-mallocr.o)
                0x0800831c                _malloc_r
 .text.memchr   0x08008878      0x140 /usr/bin/../lib/gcc/arm-none-eabi/4.7.3/../../../../arm-none-eabi/lib/armv7e-m/fpu/libc.a(lib_a-memchr.o)
                0x08008878                memchr
 .text.memcpy   0x080089b8      0x144 /usr/bin/../lib/gcc/arm-none-eabi/4.7.3/../../../../arm-none-eabi/lib/armv7e-m/fpu/libc.a(lib_a-memcpy.o)
                0x080089b8                memcpy
 .text.memmove  0x08008afc      0x198 /usr/bin/../lib/gcc/arm-none-eabi/4.7.3/../../../../arm-none-eabi/lib/armv7e-m/fpu/libc.a(lib_a-memmove.o)
                0x08008afc                memmove
 .text.__malloc_lock
                0x08008c94        0x4 /usr/bin/../lib/gcc/arm-none-eabi/4.7.3/../../../../arm-none-eabi/lib/armv7e-m/fpu/libc.a(lib_a-mlock.o)
                0x08008c94                __malloc_lock
 .text.__malloc_unlock
                0x08008c98        0x4 /usr/bin/../lib/gcc/arm-none-eabi/4.7.3/../../../../arm-none-eabi/lib/armv7e-m/fpu/libc.a(lib_a-mlock.o)
                0x08008c98                __malloc_unlock
 .text._Balloc  0x08008c9c       0x4c /usr/bin/../lib/gcc/arm-none-eabi/4.7.3/../../../../arm-none-eabi/lib/armv7e-m/fpu/libc.a(lib_a-mprec.o)
                0x08008c9c                _Balloc
 .text._Bfree   0x08008ce8       0x14 /usr/bin/../lib/gcc/arm-none-eabi/4.7.3/../../../../arm-none-eabi/lib/armv7e-m/fpu/libc.a(lib_a-mprec.o)
                0x08008ce8                _Bfree
 .text.__multadd
                0x08008cfc       0xf8 /usr/bin/../lib/gcc/arm-none-eabi/4.7.3/../../../../arm-none-eabi/lib/armv7e-m/fpu/libc.a(lib_a-mprec.o)
                0x08008cfc                __multadd
 .text.__hi0bits
                0x08008df4       0x3c /usr/bin/../lib/gcc/arm-none-eabi/4.7.3/../../../../arm-none-eabi/lib/armv7e-m/fpu/libc.a(lib_a-mprec.o)
                0x08008df4                __hi0bits
 .text.__lo0bits
                0x08008e30       0x5c /usr/bin/../lib/gcc/arm-none-eabi/4.7.3/../../../../arm-none-eabi/lib/armv7e-m/fpu/libc.a(lib_a-mprec.o)
                0x08008e30                __lo0bits
 .text.__i2b    0x08008e8c       0x14 /usr/bin/../lib/gcc/arm-none-eabi/4.7.3/../../../../arm-none-eabi/lib/armv7e-m/fpu/libc.a(lib_a-mprec.o)
                0x08008e8c                __i2b
 .text.__multiply
                0x08008ea0      0x2d0 /usr/bin/../lib/gcc/arm-none-eabi/4.7.3/../../../../arm-none-eabi/lib/armv7e-m/fpu/libc.a(lib_a-mprec.o)
                0x08008ea0                __multiply
 .text.__pow5mult
                0x08009170       0x94 /usr/bin/../lib/gcc/arm-none-eabi/4.7.3/../../../../arm-none-eabi/lib/armv7e-m/fpu/libc.a(lib_a-mprec.o)
                0x08009170                __pow5mult
 .text.__lshift
                0x08009204      0x188 /usr/bin/../lib/gcc/arm-none-eabi/4.7.3/../../../../arm-none-eabi/lib/armv7e-m/fpu/libc.a(lib_a-mprec.o)
                0x08009204                __lshift
 .text.__mcmp   0x0800938c       0x5c /usr/bin/../lib/gcc/arm-none-eabi/4.7.3/../../../../arm-none-eabi/lib/armv7e-m/fpu/libc.a(lib_a-mprec.o)
                0x0800938c                __mcmp
 .text.__mdiff  0x080093e8      0x20c /usr/bin/../lib/gcc/arm-none-eabi/4.7.3/../../../../arm-none-eabi/lib/armv7e-m/fpu/libc.a(lib_a-mprec.o)
                0x080093e8                __mdiff
 .text.__d2b    0x080095f4       0xb4 /usr/bin/../lib/gcc/arm-none-eabi/4.7.3/../../../../arm-none-eabi/lib/armv7e-m/fpu/libc.a(lib_a-mprec.o)
                0x080095f4                __d2b
 .text._putc_r  0x080096a8       0x60 /usr/bin/../lib/gcc/arm-none-eabi/4.7.3/../../../../arm-none-eabi/lib/armv7e-m/fpu/libc.a(lib_a-putc.o)
                0x080096a8                _putc_r
 .text._realloc_r
                0x08009708      0x3dc /usr/bin/../lib/gcc/arm-none-eabi/4.7.3/../../../../arm-none-eabi/lib/armv7e-m/fpu/libc.a(lib_a-reallocr.o)
                0x08009708                _realloc_r
 .text.__fpclassifyd
                0x08009ae4       0x70 /usr/bin/../lib/gcc/arm-none-eabi/4.7.3/../../../../arm-none-eabi/lib/armv7e-m/fpu/libc.a(lib_a-s_fpclassify.o)
                0x08009ae4                __fpclassifyd
 .text._sbrk_r  0x08009b54       0x24 /usr/bin/../lib/gcc/arm-none-eabi/4.7.3/../../../../arm-none-eabi/lib/armv7e-m/fpu/libc.a(lib_a-sbrkr.o)
                0x08009b54                _sbrk_r
 .text.__sread  0x08009b78       0x24 /usr/bin/../lib/gcc/arm-none-eabi/4.7.3/../../../../arm-none-eabi/lib/armv7e-m/fpu/libc.a(lib_a-stdio.o)
                0x08009b78                __sread
 .text.__swrite
                0x08009b9c       0x44 /usr/bin/../lib/gcc/arm-none-eabi/4.7.3/../../../../arm-none-eabi/lib/armv7e-m/fpu/libc.a(lib_a-stdio.o)
                0x08009b9c                __swrite
 .text.__sseek  0x08009be0       0x24 /usr/bin/../lib/gcc/arm-none-eabi/4.7.3/../../../../arm-none-eabi/lib/armv7e-m/fpu/libc.a(lib_a-stdio.o)
                0x08009be0                __sseek
 .text.__sclose
                0x08009c04        0x8 /usr/bin/../lib/gcc/arm-none-eabi/4.7.3/../../../../arm-none-eabi/lib/armv7e-m/fpu/libc.a(lib_a-stdio.o)
                0x08009c04                __sclose
 .text.strlen   0x08009c0c       0x60 /usr/bin/../lib/gcc/arm-none-eabi/4.7.3/../../../../arm-none-eabi/lib/armv7e-m/fpu/libc.a(lib_a-strlen.o)
                0x08009c0c                strlen
 .text.__sprint_r
                0x08009c6c       0xc0 /usr/bin/../lib/gcc/arm-none-eabi/4.7.3/../../../../arm-none-eabi/lib/armv7e-m/fpu/libc.a(lib_a-vfiprintf.o)
                0x08009c6c                __sprint_r
 .text.__swbuf_r
                0x08009d2c       0xbc /usr/bin/../lib/gcc/arm-none-eabi/4.7.3/../../../../arm-none-eabi/lib/armv7e-m/fpu/libc.a(lib_a-wbuf.o)
                0x08009d2c                __swbuf_r
 .text._write_r
                0x08009de8       0x28 /usr/bin/../lib/gcc/arm-none-eabi/4.7.3/../../../../arm-none-eabi/lib/armv7e-m/fpu/libc.a(lib_a-writer.o)
                0x08009de8                _write_r
 .text._calloc_r
                0x08009e10       0x60 /usr/bin/../lib/gcc/arm-none-eabi/4.7.3/../../../../arm-none-eabi/lib/armv7e-m/fpu/libc.a(lib_a-callocr.o)
                0x08009e10                _calloc_r
 .text._close_r
                0x08009e70       0x24 /usr/bin/../lib/gcc/arm-none-eabi/4.7.3/../../../../arm-none-eabi/lib/armv7e-m/fpu/libc.a(lib_a-closer.o)
                0x08009e70                _close_r
 .text._fclose_r
                0x08009e94       0x94 /usr/bin/../lib/gcc/arm-none-eabi/4.7.3/../../../../arm-none-eabi/lib/armv7e-m/fpu/libc.a(lib_a-fclose.o)
                0x08009e94                _fclose_r
 .text.fclose   0x08009f28       0x10 /usr/bin/../lib/gcc/arm-none-eabi/4.7.3/../../../../arm-none-eabi/lib/armv7e-m/fpu/libc.a(lib_a-fclose.o)
                0x08009f28                fclose
 .text._fputwc_r
                0x08009f38      0x1b0 /usr/bin/../lib/gcc/arm-none-eabi/4.7.3/../../../../arm-none-eabi/lib/armv7e-m/fpu/libc.a(lib_a-fputwc.o)
                0x08009f38                _fputwc_r
 .text._fstat_r
                0x0800a0e8       0x28 /usr/bin/../lib/gcc/arm-none-eabi/4.7.3/../../../../arm-none-eabi/lib/armv7e-m/fpu/libc.a(lib_a-fstatr.o)
                0x0800a0e8                _fstat_r
 .text._isatty_r
                0x0800a110       0x24 /usr/bin/../lib/gcc/arm-none-eabi/4.7.3/../../../../arm-none-eabi/lib/armv7e-m/fpu/libc.a(lib_a-isattyr.o)
                0x0800a110                _isatty_r
 .text._lseek_r
                0x0800a134       0x28 /usr/bin/../lib/gcc/arm-none-eabi/4.7.3/../../../../arm-none-eabi/lib/armv7e-m/fpu/libc.a(lib_a-lseekr.o)
                0x0800a134                _lseek_r
 .text._read_r  0x0800a15c       0x28 /usr/bin/../lib/gcc/arm-none-eabi/4.7.3/../../../../arm-none-eabi/lib/armv7e-m/fpu/libc.a(lib_a-readr.o)
                0x0800a15c                _read_r
 .text._wcrtomb_r
                0x0800a184       0x50 /usr/bin/../lib/gcc/arm-none-eabi/4.7.3/../../../../arm-none-eabi/lib/armv7e-m/fpu/libc.a(lib_a-wcrtomb.o)
                0x0800a184                _wcrtomb_r
 .text.__ascii_wctomb
                0x0800a1d4       0x1c /usr/bin/../lib/gcc/arm-none-eabi/4.7.3/../../../../arm-none-eabi/lib/armv7e-m/fpu/libc.a(lib_a-wctomb_r.o)
                0x0800a1d4                __ascii_wctomb
 *(.rodata)
 .rodata        0x0800a1f0       0x24 src/newlib_stubs.o
 .rodata        0x0800a214       0x18 src/main.o
 *(.rodata*)
 .rodata.GPIO_PIN
                0x0800a22c       0x10 src/stm32f3_discovery.o
                0x0800a22c                GPIO_PIN
 .rodata.GPIO_CLK
                0x0800a23c       0x20 src/stm32f3_discovery.o
                0x0800a23c                GPIO_CLK
 .rodata.BUTTON_PIN
                0x0800a25c        0x4 src/stm32f3_discovery.o
                0x0800a25c                BUTTON_PIN
 .rodata.BUTTON_CLK
                0x0800a260        0x4 src/stm32f3_discovery.o
                0x0800a260                BUTTON_CLK
 .rodata.BUTTON_EXTI_LINE
                0x0800a264        0x4 src/stm32f3_discovery.o
                0x0800a264                BUTTON_EXTI_LINE
 .rodata.BUTTON_PORT_SOURCE
                0x0800a268        0x4 src/stm32f3_discovery.o
                0x0800a268                BUTTON_PORT_SOURCE
 .rodata.BUTTON_PIN_SOURCE
                0x0800a26c        0x4 src/stm32f3_discovery.o
                0x0800a26c                BUTTON_PIN_SOURCE
 .rodata.BUTTON_IRQn
                0x0800a270        0x4 src/stm32f3_discovery.o
                0x0800a270                BUTTON_IRQn
 .rodata.str1.4
                0x0800a274        0x2 /usr/bin/../lib/gcc/arm-none-eabi/4.7.3/../../../../arm-none-eabi/lib/armv7e-m/fpu/libc.a(lib_a-impure.o)
                                  0x4 (size before relaxing)
 *fill*         0x0800a276        0x2 00
 .rodata._global_impure_ptr
                0x0800a278        0x4 /usr/bin/../lib/gcc/arm-none-eabi/4.7.3/../../../../arm-none-eabi/lib/armv7e-m/fpu/libc.a(lib_a-impure.o)
                0x0800a278                _global_impure_ptr
 .rodata.blanks.6735
                0x0800a27c       0x10 /usr/bin/../lib/gcc/arm-none-eabi/4.7.3/../../../../arm-none-eabi/lib/armv7e-m/fpu/libc.a(lib_a-vfprintf.o)
 .rodata.str1.4
                0x0800a28c       0x42 /usr/bin/../lib/gcc/arm-none-eabi/4.7.3/../../../../arm-none-eabi/lib/armv7e-m/fpu/libc.a(lib_a-vfprintf.o)
                                 0x44 (size before relaxing)
 *fill*         0x0800a2ce        0x2 00
 .rodata.zeroes.6736
                0x0800a2d0       0x10 /usr/bin/../lib/gcc/arm-none-eabi/4.7.3/../../../../arm-none-eabi/lib/armv7e-m/fpu/libc.a(lib_a-vfprintf.o)
 .rodata.str1.4
                0x0800a2e0       0x10 /usr/bin/../lib/gcc/arm-none-eabi/4.7.3/../../../../arm-none-eabi/lib/armv7e-m/fpu/libc.a(lib_a-dtoa.o)
                                 0x14 (size before relaxing)
 .rodata.str1.4
                0x0800a2f0        0xc /usr/bin/../lib/gcc/arm-none-eabi/4.7.3/../../../../arm-none-eabi/lib/armv7e-m/fpu/libc.a(lib_a-locale.o)
                                 0x14 (size before relaxing)
 .rodata.p05.5242
                0x0800a2fc        0xc /usr/bin/../lib/gcc/arm-none-eabi/4.7.3/../../../../arm-none-eabi/lib/armv7e-m/fpu/libc.a(lib_a-mprec.o)
 .rodata.__mprec_tens
                0x0800a308       0xc8 /usr/bin/../lib/gcc/arm-none-eabi/4.7.3/../../../../arm-none-eabi/lib/armv7e-m/fpu/libc.a(lib_a-mprec.o)
                0x0800a308                __mprec_tens
 .rodata.__mprec_bigtens
                0x0800a3d0       0x28 /usr/bin/../lib/gcc/arm-none-eabi/4.7.3/../../../../arm-none-eabi/lib/armv7e-m/fpu/libc.a(lib_a-mprec.o)
                0x0800a3d0                __mprec_bigtens
 *(.glue_7)
 .glue_7        0x00000000        0x0 linker stubs
 *(.glue_7t)
 .glue_7t       0x00000000        0x0 linker stubs
 *(.eh_frame)
 .eh_frame      0x0800a3f8        0x0 /usr/bin/../lib/gcc/arm-none-eabi/4.7.3/armv7e-m/fpu/crtbegin.o
 *(.init)
 .init          0x0800a3f8        0x4 /usr/bin/../lib/gcc/arm-none-eabi/4.7.3/armv7e-m/fpu/crti.o
                0x0800a3f8                _init
 .init          0x0800a3fc        0x8 /usr/bin/../lib/gcc/arm-none-eabi/4.7.3/armv7e-m/fpu/crtn.o
 *(.fini)
 .fini          0x0800a404        0x4 /usr/bin/../lib/gcc/arm-none-eabi/4.7.3/armv7e-m/fpu/crti.o
                0x0800a404                _fini
 .fini          0x0800a408        0x8 /usr/bin/../lib/gcc/arm-none-eabi/4.7.3/armv7e-m/fpu/crtn.o
                0x0800a410                . = ALIGN (0x4)
                0x0800a410                _etext = .

.vfp11_veneer   0x0800a410        0x0
 .vfp11_veneer  0x00000000        0x0 linker stubs

.v4_bx          0x0800a410        0x0
 .v4_bx         0x00000000        0x0 linker stubs

.iplt           0x0800a410        0x0
 .iplt          0x00000000        0x0 /usr/bin/../lib/gcc/arm-none-eabi/4.7.3/armv7e-m/fpu/crtbegin.o

.ARM.extab
 *(.ARM.extab* .gnu.linkonce.armextab.*)

.ARM            0x0800a410        0x8
                0x0800a410                __exidx_start = .
 *(.ARM.exidx*)
 .ARM.exidx     0x0800a410        0x8 /usr/bin/../lib/gcc/arm-none-eabi/4.7.3/armv7e-m/fpu/libgcc.a(_divdi3.o)
 .ARM.exidx     0x0800a418        0x0 /usr/bin/../lib/gcc/arm-none-eabi/4.7.3/armv7e-m/fpu/libgcc.a(_udivdi3.o)
                                  0x8 (size before relaxing)
                0x0800a418                __exidx_end = .

.rel.dyn        0x0800a418        0x0
 .rel.iplt      0x00000000        0x0 /usr/bin/../lib/gcc/arm-none-eabi/4.7.3/armv7e-m/fpu/crtbegin.o

.preinit_array  0x0800a418        0x0
                0x0800a418                PROVIDE (__preinit_array_start, .)
 *(.preinit_array*)
                0x0800a418                PROVIDE (__preinit_array_end, .)

.init_array     0x0800a418        0x8
                0x0800a418                PROVIDE (__init_array_start, .)
 *(SORT(.init_array.*))
 .init_array.00000
                0x0800a418        0x4 /usr/bin/../lib/gcc/arm-none-eabi/4.7.3/../../../../arm-none-eabi/lib/armv7e-m/fpu/libc.a(lib_a-__call_atexit.o)
 *(.init_array*)
 .init_array    0x0800a41c        0x4 /usr/bin/../lib/gcc/arm-none-eabi/4.7.3/armv7e-m/fpu/crtbegin.o
                0x0800a420                PROVIDE (__init_array_end, .)

.fini_array     0x0800a420        0x4
                0x0800a420                PROVIDE (__fini_array_start, .)
 *(SORT(.fini_array.*))
 *(.fini_array*)
 .fini_array    0x0800a420        0x4 /usr/bin/../lib/gcc/arm-none-eabi/4.7.3/armv7e-m/fpu/crtbegin.o
                0x0800a424                PROVIDE (__fini_array_end, .)
                0x0800a428                _sidata = LOADADDR (.data)

.data           0x20000000      0x8fc load address 0x0800a428
                0x20000000                . = ALIGN (0x4)
                0x20000000                _sdata = .
 *(.data)
 *(.data*)
 .data.APBAHBPrescTable
                0x20000000       0x10 Libraries/STM32F30x_StdPeriph_Driver/src/stm32f30x_rcc.o
 .data.ADCPrescTable
                0x20000010       0x1c Libraries/STM32F30x_StdPeriph_Driver/src/stm32f30x_rcc.o
 .data.magnetometerZtoXY
                0x2000002c        0x4 src/sensors.o
                0x2000002c                magnetometerZtoXY
 .data.L3GD20Timeout
                0x20000030        0x4 src/stm32f3_discovery_l3gd20.o
                0x20000030                L3GD20Timeout
 .data.GPIO_PORT
                0x20000034       0x20 src/stm32f3_discovery.o
                0x20000034                GPIO_PORT
 .data.BUTTON_PORT
                0x20000054        0x4 src/stm32f3_discovery.o
                0x20000054                BUTTON_PORT
 .data.LSM303DLHC_Timeout
                0x20000058        0x4 src/stm32f3_discovery_lsm303dlhc.o
                0x20000058                LSM303DLHC_Timeout
 *fill*         0x2000005c        0x4 00
 .data.impure_data
                0x20000060      0x428 /usr/bin/../lib/gcc/arm-none-eabi/4.7.3/../../../../arm-none-eabi/lib/armv7e-m/fpu/libc.a(lib_a-impure.o)
 .data._impure_ptr
                0x20000488        0x4 /usr/bin/../lib/gcc/arm-none-eabi/4.7.3/../../../../arm-none-eabi/lib/armv7e-m/fpu/libc.a(lib_a-impure.o)
                0x20000488                _impure_ptr
 .data.lconv    0x2000048c       0x38 /usr/bin/../lib/gcc/arm-none-eabi/4.7.3/../../../../arm-none-eabi/lib/armv7e-m/fpu/libc.a(lib_a-locale.o)
 .data.lc_ctype_charset
                0x200004c4       0x20 /usr/bin/../lib/gcc/arm-none-eabi/4.7.3/../../../../arm-none-eabi/lib/armv7e-m/fpu/libc.a(lib_a-locale.o)
 .data.__mb_cur_max
                0x200004e4        0x4 /usr/bin/../lib/gcc/arm-none-eabi/4.7.3/../../../../arm-none-eabi/lib/armv7e-m/fpu/libc.a(lib_a-locale.o)
                0x200004e4                __mb_cur_max
 .data.__malloc_av_
                0x200004e8      0x408 /usr/bin/../lib/gcc/arm-none-eabi/4.7.3/../../../../arm-none-eabi/lib/armv7e-m/fpu/libc.a(lib_a-mallocr.o)
                0x200004e8                __malloc_av_
 .data.__malloc_trim_threshold
                0x200008f0        0x4 /usr/bin/../lib/gcc/arm-none-eabi/4.7.3/../../../../arm-none-eabi/lib/armv7e-m/fpu/libc.a(lib_a-mallocr.o)
                0x200008f0                __malloc_trim_threshold
 .data.__malloc_sbrk_base
                0x200008f4        0x4 /usr/bin/../lib/gcc/arm-none-eabi/4.7.3/../../../../arm-none-eabi/lib/armv7e-m/fpu/libc.a(lib_a-mallocr.o)
                0x200008f4                __malloc_sbrk_base
 .data.__wctomb
                0x200008f8        0x4 /usr/bin/../lib/gcc/arm-none-eabi/4.7.3/../../../../arm-none-eabi/lib/armv7e-m/fpu/libc.a(lib_a-wctomb_r.o)
                0x200008f8                __wctomb
                0x200008fc                . = ALIGN (0x4)
                0x200008fc                _edata = .
                0x0800ad24                _siccmram = LOADADDR (.ccmram)

.jcr            0x200008fc        0x0 load address 0x0800ad24
 .jcr           0x200008fc        0x0 /usr/bin/../lib/gcc/arm-none-eabi/4.7.3/armv7e-m/fpu/crtbegin.o

.igot.plt       0x200008fc        0x0 load address 0x0800ad24
 .igot.plt      0x00000000        0x0 /usr/bin/../lib/gcc/arm-none-eabi/4.7.3/armv7e-m/fpu/crtbegin.o

.ccmram         0x10000000        0x0 load address 0x0800ad24
                0x10000000                . = ALIGN (0x4)
                0x10000000                _sccmram = .
 *(.ccmram)
 *(.ccmram*)
                0x10000000                . = ALIGN (0x4)
                0x10000000                _eccmram = .
                0x10000000                . = ALIGN (0x4)

.bss            0x200008fc       0xe0
                0x200008fc                _sbss = .
                0x200008fc                __bss_start__ = _sbss
 *(.bss)
 .bss           0x200008fc       0x1c /usr/bin/../lib/gcc/arm-none-eabi/4.7.3/armv7e-m/fpu/crtbegin.o
 *(.bss*)
 .bss.i         0x20000918        0x1 src/sensors.o
                0x20000918                i
 *fill*         0x20000919        0x3 00
 .bss.uSec      0x2000091c        0x4 src/common.o
                0x2000091c                uSec
 .bss.heap_end.7507
                0x20000920        0x4 src/newlib_stubs.o
 .bss.UserButtonPressed
                0x20000924        0x4 src/main.o
                0x20000924                UserButtonPressed
 .bss.MagBuffer
                0x20000928        0x8 src/main.o
                0x20000928                MagBuffer
 .bss.AccBuffer
                0x20000930        0x8 src/main.o
                0x20000930                AccBuffer
 .bss.GyroBuffer
                0x20000938        0x8 src/main.o
                0x20000938                GyroBuffer
 .bss.USART_InitStructure
                0x20000940       0x18 src/usart.o
 .bss.GPIO_InitStructure
                0x20000958        0x8 src/usart.o
 .bss.__malloc_max_total_mem
                0x20000960        0x4 /usr/bin/../lib/gcc/arm-none-eabi/4.7.3/../../../../arm-none-eabi/lib/armv7e-m/fpu/libc.a(lib_a-mallocr.o)
                0x20000960                __malloc_max_total_mem
 .bss.__malloc_max_sbrked_mem
                0x20000964        0x4 /usr/bin/../lib/gcc/arm-none-eabi/4.7.3/../../../../arm-none-eabi/lib/armv7e-m/fpu/libc.a(lib_a-mallocr.o)
                0x20000964                __malloc_max_sbrked_mem
 .bss.__malloc_top_pad
                0x20000968        0x4 /usr/bin/../lib/gcc/arm-none-eabi/4.7.3/../../../../arm-none-eabi/lib/armv7e-m/fpu/libc.a(lib_a-mallocr.o)
                0x20000968                __malloc_top_pad
 .bss.__malloc_current_mallinfo
                0x2000096c       0x28 /usr/bin/../lib/gcc/arm-none-eabi/4.7.3/../../../../arm-none-eabi/lib/armv7e-m/fpu/libc.a(lib_a-mallocr.o)
                0x2000096c                __malloc_current_mallinfo
 *(COMMON)
 COMMON         0x20000994        0x6 src/sensors.o
                0x20000994                buffer
 *fill*         0x2000099a        0x2 00
 COMMON         0x2000099c       0x3c src/main.o
                0x2000099c                RCC_Clocks
 COMMON         0x200009d8        0x4 /usr/bin/../lib/gcc/arm-none-eabi/4.7.3/../../../../arm-none-eabi/lib/armv7e-m/fpu/libc.a(lib_a-reent.o)
                0x200009d8                errno
                0x200009dc                . = ALIGN (0x4)
                0x200009dc                _ebss = .
                0x200009dc                __bss_end__ = _ebss

._user_heap_stack
                0x200009dc      0x200
                0x200009dc                . = ALIGN (0x4)
                0x200009dc                PROVIDE (end, .)
                0x200009dc                PROVIDE (_end, .)
                0x200009dc                . = (. + _Min_Heap_Size)
                0x20000bdc                . = (. + _Min_Stack_Size)
 *fill*         0x200009dc      0x200 00
                0x20000bdc                . = ALIGN (0x4)

.memory_b1_text
 *(.mb1text)
 *(.mb1text*)
 *(.mb1rodata)
 *(.mb1rodata*)

/DISCARD/
 libc.a(*)
 libm.a(*)
 libgcc.a(*)

.ARM.attributes
                0x00000000       0x32
 *(.ARM.attributes)
 .ARM.attributes
                0x00000000       0x24 /usr/bin/../lib/gcc/arm-none-eabi/4.7.3/armv7e-m/fpu/crti.o
 .ARM.attributes
                0x00000024       0x36 /usr/bin/../lib/gcc/arm-none-eabi/4.7.3/armv7e-m/fpu/crtbegin.o
 .ARM.attributes
                0x0000005a       0x3b Libraries/STM32F30x_StdPeriph_Driver/src/stm32f30x_misc.o
 .ARM.attributes
                0x00000095       0x3b Libraries/STM32F30x_StdPeriph_Driver/src/stm32f30x_i2c.o
 .ARM.attributes
                0x000000d0       0x3b Libraries/STM32F30x_StdPeriph_Driver/src/stm32f30x_rcc.o
 .ARM.attributes
                0x0000010b       0x3b Libraries/STM32F30x_StdPeriph_Driver/src/stm32f30x_syscfg.o
 .ARM.attributes
                0x00000146       0x3b Libraries/STM32F30x_StdPeriph_Driver/src/stm32f30x_exti.o
 .ARM.attributes
                0x00000181       0x3b Libraries/STM32F30x_StdPeriph_Driver/src/stm32f30x_usart.o
 .ARM.attributes
                0x000001bc       0x3b Libraries/STM32F30x_StdPeriph_Driver/src/stm32f30x_spi.o
 .ARM.attributes
                0x000001f7       0x3b Libraries/STM32F30x_StdPeriph_Driver/src/stm32f30x_gpio.o
 .ARM.attributes
                0x00000232       0x3b src/sensors.o
 .ARM.attributes
                0x0000026d       0x3b src/common.o
 .ARM.attributes
                0x000002a8       0x3b src/stm32f3_discovery_l3gd20.o
 .ARM.attributes
                0x000002e3       0x3b src/stm32f3_discovery.o
 .ARM.attributes
                0x0000031e       0x3b src/newlib_stubs.o
 .ARM.attributes
                0x00000359       0x3b src/stm32f3_discovery_lsm303dlhc.o
 .ARM.attributes
                0x00000394       0x3b src/main.o
 .ARM.attributes
                0x000003cf       0x3b src/system_stm32f30x.o
 .ARM.attributes
                0x0000040a       0x3b src/usart.o
 .ARM.attributes
                0x00000445       0x21 src/startup_stm32f30x.o
 .ARM.attributes
                0x00000466       0x36 /usr/bin/../lib/gcc/arm-none-eabi/4.7.3/../../../../arm-none-eabi/lib/armv7e-m/fpu/libc.a(lib_a-__atexit.o)
 .ARM.attributes
                0x0000049c       0x36 /usr/bin/../lib/gcc/arm-none-eabi/4.7.3/../../../../arm-none-eabi/lib/armv7e-m/fpu/libc.a(lib_a-fini.o)
 .ARM.attributes
                0x000004d2       0x36 /usr/bin/../lib/gcc/arm-none-eabi/4.7.3/../../../../arm-none-eabi/lib/armv7e-m/fpu/libc.a(lib_a-fwrite.o)
 .ARM.attributes
                0x00000508       0x36 /usr/bin/../lib/gcc/arm-none-eabi/4.7.3/../../../../arm-none-eabi/lib/armv7e-m/fpu/libc.a(lib_a-impure.o)
 .ARM.attributes
                0x0000053e       0x36 /usr/bin/../lib/gcc/arm-none-eabi/4.7.3/../../../../arm-none-eabi/lib/armv7e-m/fpu/libc.a(lib_a-init.o)
 .ARM.attributes
                0x00000574       0x36 /usr/bin/../lib/gcc/arm-none-eabi/4.7.3/../../../../arm-none-eabi/lib/armv7e-m/fpu/libc.a(lib_a-memset.o)
 .ARM.attributes
                0x000005aa       0x36 /usr/bin/../lib/gcc/arm-none-eabi/4.7.3/../../../../arm-none-eabi/lib/armv7e-m/fpu/libc.a(lib_a-printf.o)
 .ARM.attributes
                0x000005e0       0x36 /usr/bin/../lib/gcc/arm-none-eabi/4.7.3/../../../../arm-none-eabi/lib/armv7e-m/fpu/libc.a(lib_a-putchar.o)
 .ARM.attributes
                0x00000616       0x36 /usr/bin/../lib/gcc/arm-none-eabi/4.7.3/../../../../arm-none-eabi/lib/armv7e-m/fpu/libc.a(lib_a-reent.o)
 .ARM.attributes
                0x0000064c       0x36 /usr/bin/../lib/gcc/arm-none-eabi/4.7.3/../../../../arm-none-eabi/lib/armv7e-m/fpu/libc.a(lib_a-vfprintf.o)
 .ARM.attributes
                0x00000682       0x36 /usr/bin/../lib/gcc/arm-none-eabi/4.7.3/../../../../arm-none-eabi/lib/armv7e-m/fpu/libc.a(lib_a-wsetup.o)
 .ARM.attributes
                0x000006b8       0x36 /usr/bin/../lib/gcc/arm-none-eabi/4.7.3/../../../../arm-none-eabi/lib/armv7e-m/fpu/libc.a(lib_a-__call_atexit.o)
 .ARM.attributes
                0x000006ee       0x36 /usr/bin/../lib/gcc/arm-none-eabi/4.7.3/../../../../arm-none-eabi/lib/armv7e-m/fpu/libc.a(lib_a-atexit.o)
 .ARM.attributes
                0x00000724       0x36 /usr/bin/../lib/gcc/arm-none-eabi/4.7.3/../../../../arm-none-eabi/lib/armv7e-m/fpu/libc.a(lib_a-dtoa.o)
 .ARM.attributes
                0x0000075a       0x36 /usr/bin/../lib/gcc/arm-none-eabi/4.7.3/../../../../arm-none-eabi/lib/armv7e-m/fpu/libc.a(lib_a-fflush.o)
 .ARM.attributes
                0x00000790       0x36 /usr/bin/../lib/gcc/arm-none-eabi/4.7.3/../../../../arm-none-eabi/lib/armv7e-m/fpu/libc.a(lib_a-findfp.o)
 .ARM.attributes
                0x000007c6       0x36 /usr/bin/../lib/gcc/arm-none-eabi/4.7.3/../../../../arm-none-eabi/lib/armv7e-m/fpu/libc.a(lib_a-freer.o)
 .ARM.attributes
                0x000007fc       0x36 /usr/bin/../lib/gcc/arm-none-eabi/4.7.3/../../../../arm-none-eabi/lib/armv7e-m/fpu/libc.a(lib_a-fvwrite.o)
 .ARM.attributes
                0x00000832       0x36 /usr/bin/../lib/gcc/arm-none-eabi/4.7.3/../../../../arm-none-eabi/lib/armv7e-m/fpu/libc.a(lib_a-fwalk.o)
 .ARM.attributes
                0x00000868       0x36 /usr/bin/../lib/gcc/arm-none-eabi/4.7.3/../../../../arm-none-eabi/lib/armv7e-m/fpu/libc.a(lib_a-locale.o)
 .ARM.attributes
                0x0000089e       0x36 /usr/bin/../lib/gcc/arm-none-eabi/4.7.3/../../../../arm-none-eabi/lib/armv7e-m/fpu/libc.a(lib_a-makebuf.o)
 .ARM.attributes
                0x000008d4       0x36 /usr/bin/../lib/gcc/arm-none-eabi/4.7.3/../../../../arm-none-eabi/lib/armv7e-m/fpu/libc.a(lib_a-mallocr.o)
 .ARM.attributes
                0x0000090a       0x36 /usr/bin/../lib/gcc/arm-none-eabi/4.7.3/../../../../arm-none-eabi/lib/armv7e-m/fpu/libc.a(lib_a-memchr.o)
 .ARM.attributes
                0x00000940       0x36 /usr/bin/../lib/gcc/arm-none-eabi/4.7.3/../../../../arm-none-eabi/lib/armv7e-m/fpu/libc.a(lib_a-memcpy.o)
 .ARM.attributes
                0x00000976       0x36 /usr/bin/../lib/gcc/arm-none-eabi/4.7.3/../../../../arm-none-eabi/lib/armv7e-m/fpu/libc.a(lib_a-memmove.o)
 .ARM.attributes
                0x000009ac       0x36 /usr/bin/../lib/gcc/arm-none-eabi/4.7.3/../../../../arm-none-eabi/lib/armv7e-m/fpu/libc.a(lib_a-mlock.o)
 .ARM.attributes
                0x000009e2       0x36 /usr/bin/../lib/gcc/arm-none-eabi/4.7.3/../../../../arm-none-eabi/lib/armv7e-m/fpu/libc.a(lib_a-mprec.o)
 .ARM.attributes
                0x00000a18       0x36 /usr/bin/../lib/gcc/arm-none-eabi/4.7.3/../../../../arm-none-eabi/lib/armv7e-m/fpu/libc.a(lib_a-putc.o)
 .ARM.attributes
                0x00000a4e       0x36 /usr/bin/../lib/gcc/arm-none-eabi/4.7.3/../../../../arm-none-eabi/lib/armv7e-m/fpu/libc.a(lib_a-reallocr.o)
 .ARM.attributes
                0x00000a84       0x36 /usr/bin/../lib/gcc/arm-none-eabi/4.7.3/../../../../arm-none-eabi/lib/armv7e-m/fpu/libc.a(lib_a-s_fpclassify.o)
 .ARM.attributes
                0x00000aba       0x36 /usr/bin/../lib/gcc/arm-none-eabi/4.7.3/../../../../arm-none-eabi/lib/armv7e-m/fpu/libc.a(lib_a-sbrkr.o)
 .ARM.attributes
                0x00000af0       0x36 /usr/bin/../lib/gcc/arm-none-eabi/4.7.3/../../../../arm-none-eabi/lib/armv7e-m/fpu/libc.a(lib_a-stdio.o)
 .ARM.attributes
                0x00000b26       0x36 /usr/bin/../lib/gcc/arm-none-eabi/4.7.3/../../../../arm-none-eabi/lib/armv7e-m/fpu/libc.a(lib_a-strlen.o)
 .ARM.attributes
                0x00000b5c       0x36 /usr/bin/../lib/gcc/arm-none-eabi/4.7.3/../../../../arm-none-eabi/lib/armv7e-m/fpu/libc.a(lib_a-vfiprintf.o)
 .ARM.attributes
                0x00000b92       0x36 /usr/bin/../lib/gcc/arm-none-eabi/4.7.3/../../../../arm-none-eabi/lib/armv7e-m/fpu/libc.a(lib_a-wbuf.o)
 .ARM.attributes
                0x00000bc8       0x36 /usr/bin/../lib/gcc/arm-none-eabi/4.7.3/../../../../arm-none-eabi/lib/armv7e-m/fpu/libc.a(lib_a-writer.o)
 .ARM.attributes
                0x00000bfe       0x36 /usr/bin/../lib/gcc/arm-none-eabi/4.7.3/../../../../arm-none-eabi/lib/armv7e-m/fpu/libc.a(lib_a-callocr.o)
 .ARM.attributes
                0x00000c34       0x36 /usr/bin/../lib/gcc/arm-none-eabi/4.7.3/../../../../arm-none-eabi/lib/armv7e-m/fpu/libc.a(lib_a-closer.o)
 .ARM.attributes
                0x00000c6a       0x36 /usr/bin/../lib/gcc/arm-none-eabi/4.7.3/../../../../arm-none-eabi/lib/armv7e-m/fpu/libc.a(lib_a-fclose.o)
 .ARM.attributes
                0x00000ca0       0x36 /usr/bin/../lib/gcc/arm-none-eabi/4.7.3/../../../../arm-none-eabi/lib/armv7e-m/fpu/libc.a(lib_a-fputwc.o)
 .ARM.attributes
                0x00000cd6       0x36 /usr/bin/../lib/gcc/arm-none-eabi/4.7.3/../../../../arm-none-eabi/lib/armv7e-m/fpu/libc.a(lib_a-fstatr.o)
 .ARM.attributes
                0x00000d0c       0x36 /usr/bin/../lib/gcc/arm-none-eabi/4.7.3/../../../../arm-none-eabi/lib/armv7e-m/fpu/libc.a(lib_a-isattyr.o)
 .ARM.attributes
                0x00000d42       0x36 /usr/bin/../lib/gcc/arm-none-eabi/4.7.3/../../../../arm-none-eabi/lib/armv7e-m/fpu/libc.a(lib_a-lseekr.o)
 .ARM.attributes
                0x00000d78       0x36 /usr/bin/../lib/gcc/arm-none-eabi/4.7.3/../../../../arm-none-eabi/lib/armv7e-m/fpu/libc.a(lib_a-readr.o)
 .ARM.attributes
                0x00000dae       0x36 /usr/bin/../lib/gcc/arm-none-eabi/4.7.3/../../../../arm-none-eabi/lib/armv7e-m/fpu/libc.a(lib_a-wcrtomb.o)
 .ARM.attributes
                0x00000de4       0x36 /usr/bin/../lib/gcc/arm-none-eabi/4.7.3/../../../../arm-none-eabi/lib/armv7e-m/fpu/libc.a(lib_a-wctomb_r.o)
 .ARM.attributes
                0x00000e1a       0x24 /usr/bin/../lib/gcc/arm-none-eabi/4.7.3/armv7e-m/fpu/libgcc.a(_arm_addsubdf3.o)
 .ARM.attributes
                0x00000e3e       0x24 /usr/bin/../lib/gcc/arm-none-eabi/4.7.3/armv7e-m/fpu/libgcc.a(_arm_muldivdf3.o)
 .ARM.attributes
                0x00000e62       0x24 /usr/bin/../lib/gcc/arm-none-eabi/4.7.3/armv7e-m/fpu/libgcc.a(_arm_cmpdf2.o)
 .ARM.attributes
                0x00000e86       0x24 /usr/bin/../lib/gcc/arm-none-eabi/4.7.3/armv7e-m/fpu/libgcc.a(_arm_fixdfsi.o)
 .ARM.attributes
                0x00000eaa       0x24 /usr/bin/../lib/gcc/arm-none-eabi/4.7.3/armv7e-m/fpu/libgcc.a(_aeabi_uldivmod.o)
 .ARM.attributes
                0x00000ece       0x36 /usr/bin/../lib/gcc/arm-none-eabi/4.7.3/armv7e-m/fpu/libgcc.a(bpabi.o)
 .ARM.attributes
                0x00000f04       0x24 /usr/bin/../lib/gcc/arm-none-eabi/4.7.3/armv7e-m/fpu/libgcc.a(_dvmd_tls.o)
 .ARM.attributes
                0x00000f28       0x36 /usr/bin/../lib/gcc/arm-none-eabi/4.7.3/armv7e-m/fpu/libgcc.a(_divdi3.o)
 .ARM.attributes
                0x00000f5e       0x36 /usr/bin/../lib/gcc/arm-none-eabi/4.7.3/armv7e-m/fpu/libgcc.a(_udivdi3.o)
 .ARM.attributes
                0x00000f94       0x24 /usr/bin/../lib/gcc/arm-none-eabi/4.7.3/armv7e-m/fpu/crtn.o
OUTPUT(Navigation.elf elf32-littlearm)

.debug_info     0x00000000     0x8d44
 .debug_info    0x00000000      0x598 Libraries/STM32F30x_StdPeriph_Driver/src/stm32f30x_misc.o
 .debug_info    0x00000598      0xc9e Libraries/STM32F30x_StdPeriph_Driver/src/stm32f30x_i2c.o
 .debug_info    0x00001236      0xb65 Libraries/STM32F30x_StdPeriph_Driver/src/stm32f30x_rcc.o
 .debug_info    0x00001d9b      0x3f4 Libraries/STM32F30x_StdPeriph_Driver/src/stm32f30x_syscfg.o
 .debug_info    0x0000218f      0x3f3 Libraries/STM32F30x_StdPeriph_Driver/src/stm32f30x_exti.o
 .debug_info    0x00002582      0xfb7 Libraries/STM32F30x_StdPeriph_Driver/src/stm32f30x_usart.o
 .debug_info    0x00003539      0xc34 Libraries/STM32F30x_StdPeriph_Driver/src/stm32f30x_spi.o
 .debug_info    0x0000416d      0x639 Libraries/STM32F30x_StdPeriph_Driver/src/stm32f30x_gpio.o
 .debug_info    0x000047a6      0x445 src/sensors.o
 .debug_info    0x00004beb      0x102 src/common.o
 .debug_info    0x00004ced      0x85c src/stm32f3_discovery_l3gd20.o
 .debug_info    0x00005549      0x93a src/stm32f3_discovery.o
 .debug_info    0x00005e83      0x876 src/newlib_stubs.o
 .debug_info    0x000066f9      0xa27 src/stm32f3_discovery_lsm303dlhc.o
 .debug_info    0x00007120     0x11fd src/main.o
 .debug_info    0x0000831d      0x505 src/system_stm32f30x.o
 .debug_info    0x00008822      0x4c5 src/usart.o
 .debug_info    0x00008ce7       0x5d src/startup_stm32f30x.o

.debug_abbrev   0x00000000     0x18a6
 .debug_abbrev  0x00000000      0x128 Libraries/STM32F30x_StdPeriph_Driver/src/stm32f30x_misc.o
 .debug_abbrev  0x00000128      0x15f Libraries/STM32F30x_StdPeriph_Driver/src/stm32f30x_i2c.o
 .debug_abbrev  0x00000287      0x1b9 Libraries/STM32F30x_StdPeriph_Driver/src/stm32f30x_rcc.o
 .debug_abbrev  0x00000440      0x176 Libraries/STM32F30x_StdPeriph_Driver/src/stm32f30x_syscfg.o
 .debug_abbrev  0x000005b6      0x172 Libraries/STM32F30x_StdPeriph_Driver/src/stm32f30x_exti.o
 .debug_abbrev  0x00000728      0x150 Libraries/STM32F30x_StdPeriph_Driver/src/stm32f30x_usart.o
 .debug_abbrev  0x00000878      0x150 Libraries/STM32F30x_StdPeriph_Driver/src/stm32f30x_spi.o
 .debug_abbrev  0x000009c8      0x175 Libraries/STM32F30x_StdPeriph_Driver/src/stm32f30x_gpio.o
 .debug_abbrev  0x00000b3d      0x10b src/sensors.o
 .debug_abbrev  0x00000c48       0x92 src/common.o
 .debug_abbrev  0x00000cda      0x1bd src/stm32f3_discovery_l3gd20.o
 .debug_abbrev  0x00000e97      0x178 src/stm32f3_discovery.o
 .debug_abbrev  0x0000100f      0x1db src/newlib_stubs.o
 .debug_abbrev  0x000011ea      0x1a6 src/stm32f3_discovery_lsm303dlhc.o
 .debug_abbrev  0x00001390      0x273 src/main.o
 .debug_abbrev  0x00001603      0x151 src/system_stm32f30x.o
 .debug_abbrev  0x00001754      0x140 src/usart.o
 .debug_abbrev  0x00001894       0x12 src/startup_stm32f30x.o

.debug_loc      0x00000000     0x3ab0
 .debug_loc     0x00000000      0x118 Libraries/STM32F30x_StdPeriph_Driver/src/stm32f30x_misc.o
 .debug_loc     0x00000118      0x930 Libraries/STM32F30x_StdPeriph_Driver/src/stm32f30x_i2c.o
 .debug_loc     0x00000a48      0x864 Libraries/STM32F30x_StdPeriph_Driver/src/stm32f30x_rcc.o
 .debug_loc     0x000012ac      0x2f8 Libraries/STM32F30x_StdPeriph_Driver/src/stm32f30x_syscfg.o
 .debug_loc     0x000015a4      0x1b4 Libraries/STM32F30x_StdPeriph_Driver/src/stm32f30x_exti.o
 .debug_loc     0x00001758      0xaba Libraries/STM32F30x_StdPeriph_Driver/src/stm32f30x_usart.o
 .debug_loc     0x00002212      0x702 Libraries/STM32F30x_StdPeriph_Driver/src/stm32f30x_spi.o
 .debug_loc     0x00002914      0x2d8 Libraries/STM32F30x_StdPeriph_Driver/src/stm32f30x_gpio.o
 .debug_loc     0x00002bec      0x170 src/sensors.o
 .debug_loc     0x00002d5c       0x58 src/common.o
 .debug_loc     0x00002db4      0x2a0 src/stm32f3_discovery_l3gd20.o
 .debug_loc     0x00003054      0x150 src/stm32f3_discovery.o
 .debug_loc     0x000031a4      0x3a0 src/newlib_stubs.o
 .debug_loc     0x00003544      0x380 src/stm32f3_discovery_lsm303dlhc.o
 .debug_loc     0x000038c4       0xe0 src/main.o
 .debug_loc     0x000039a4       0x9c src/system_stm32f30x.o
 .debug_loc     0x00003a40       0x70 src/usart.o

.debug_aranges  0x00000000      0xa38
 .debug_aranges
                0x00000000       0x40 Libraries/STM32F30x_StdPeriph_Driver/src/stm32f30x_misc.o
 .debug_aranges
                0x00000040      0x168 Libraries/STM32F30x_StdPeriph_Driver/src/stm32f30x_i2c.o
 .debug_aranges
                0x000001a8      0x150 Libraries/STM32F30x_StdPeriph_Driver/src/stm32f30x_rcc.o
 .debug_aranges
                0x000002f8       0x88 Libraries/STM32F30x_StdPeriph_Driver/src/stm32f30x_syscfg.o
 .debug_aranges
                0x00000380       0x58 Libraries/STM32F30x_StdPeriph_Driver/src/stm32f30x_exti.o
 .debug_aranges
                0x000003d8      0x1a0 Libraries/STM32F30x_StdPeriph_Driver/src/stm32f30x_usart.o
 .debug_aranges
                0x00000578      0x118 Libraries/STM32F30x_StdPeriph_Driver/src/stm32f30x_spi.o
 .debug_aranges
                0x00000690       0x80 Libraries/STM32F30x_StdPeriph_Driver/src/stm32f30x_gpio.o
 .debug_aranges
                0x00000710       0x50 src/sensors.o
 .debug_aranges
                0x00000760       0x28 src/common.o
 .debug_aranges
                0x00000788       0x78 src/stm32f3_discovery_l3gd20.o
 .debug_aranges
                0x00000800       0x48 src/stm32f3_discovery.o
 .debug_aranges
                0x00000848       0xa0 src/newlib_stubs.o
 .debug_aranges
                0x000008e8       0x98 src/stm32f3_discovery_lsm303dlhc.o
 .debug_aranges
                0x00000980       0x38 src/main.o
 .debug_aranges
                0x000009b8       0x30 src/system_stm32f30x.o
 .debug_aranges
                0x000009e8       0x28 src/usart.o
 .debug_aranges
                0x00000a10       0x28 src/startup_stm32f30x.o

.debug_ranges   0x00000000      0x920
 .debug_ranges  0x00000000       0x30 Libraries/STM32F30x_StdPeriph_Driver/src/stm32f30x_misc.o
 .debug_ranges  0x00000030      0x158 Libraries/STM32F30x_StdPeriph_Driver/src/stm32f30x_i2c.o
 .debug_ranges  0x00000188      0x140 Libraries/STM32F30x_StdPeriph_Driver/src/stm32f30x_rcc.o
 .debug_ranges  0x000002c8       0x78 Libraries/STM32F30x_StdPeriph_Driver/src/stm32f30x_syscfg.o
 .debug_ranges  0x00000340       0x48 Libraries/STM32F30x_StdPeriph_Driver/src/stm32f30x_exti.o
 .debug_ranges  0x00000388      0x190 Libraries/STM32F30x_StdPeriph_Driver/src/stm32f30x_usart.o
 .debug_ranges  0x00000518      0x108 Libraries/STM32F30x_StdPeriph_Driver/src/stm32f30x_spi.o
 .debug_ranges  0x00000620       0x70 Libraries/STM32F30x_StdPeriph_Driver/src/stm32f30x_gpio.o
 .debug_ranges  0x00000690       0x40 src/sensors.o
 .debug_ranges  0x000006d0       0x18 src/common.o
 .debug_ranges  0x000006e8       0x68 src/stm32f3_discovery_l3gd20.o
 .debug_ranges  0x00000750       0x38 src/stm32f3_discovery.o
 .debug_ranges  0x00000788       0x90 src/newlib_stubs.o
 .debug_ranges  0x00000818       0x88 src/stm32f3_discovery_lsm303dlhc.o
 .debug_ranges  0x000008a0       0x28 src/main.o
 .debug_ranges  0x000008c8       0x20 src/system_stm32f30x.o
 .debug_ranges  0x000008e8       0x18 src/usart.o
 .debug_ranges  0x00000900       0x20 src/startup_stm32f30x.o

.debug_line     0x00000000     0x30a6
 .debug_line    0x00000000      0x1ba Libraries/STM32F30x_StdPeriph_Driver/src/stm32f30x_misc.o
 .debug_line    0x000001ba      0x4d0 Libraries/STM32F30x_StdPeriph_Driver/src/stm32f30x_i2c.o
 .debug_line    0x0000068a      0x4f2 Libraries/STM32F30x_StdPeriph_Driver/src/stm32f30x_rcc.o
 .debug_line    0x00000b7c      0x22f Libraries/STM32F30x_StdPeriph_Driver/src/stm32f30x_syscfg.o
 .debug_line    0x00000dab      0x21f Libraries/STM32F30x_StdPeriph_Driver/src/stm32f30x_exti.o
 .debug_line    0x00000fca      0x57c Libraries/STM32F30x_StdPeriph_Driver/src/stm32f30x_usart.o
 .debug_line    0x00001546      0x45a Libraries/STM32F30x_StdPeriph_Driver/src/stm32f30x_spi.o
 .debug_line    0x000019a0      0x286 Libraries/STM32F30x_StdPeriph_Driver/src/stm32f30x_gpio.o
 .debug_line    0x00001c26      0x1e6 src/sensors.o
 .debug_line    0x00001e0c       0xcb src/common.o
 .debug_line    0x00001ed7      0x2d0 src/stm32f3_discovery_l3gd20.o
 .debug_line    0x000021a7      0x1f4 src/stm32f3_discovery.o
 .debug_line    0x0000239b      0x322 src/newlib_stubs.o
 .debug_line    0x000026bd      0x3c7 src/stm32f3_discovery_lsm303dlhc.o
 .debug_line    0x00002a84      0x2b7 src/main.o
 .debug_line    0x00002d3b      0x188 src/system_stm32f30x.o
 .debug_line    0x00002ec3      0x176 src/usart.o
 .debug_line    0x00003039       0x6d src/startup_stm32f30x.o

.debug_str      0x00000000     0x35bf
 .debug_str     0x00000000      0x352 Libraries/STM32F30x_StdPeriph_Driver/src/stm32f30x_misc.o
                                0x38e (size before relaxing)
 .debug_str     0x00000352      0x497 Libraries/STM32F30x_StdPeriph_Driver/src/stm32f30x_i2c.o
                                0x602 (size before relaxing)
 .debug_str     0x000007e9      0x613 Libraries/STM32F30x_StdPeriph_Driver/src/stm32f30x_rcc.o
                                0x7a9 (size before relaxing)
 .debug_str     0x00000dfc      0x25f Libraries/STM32F30x_StdPeriph_Driver/src/stm32f30x_syscfg.o
                                0x3bc (size before relaxing)
 .debug_str     0x0000105b      0x1e4 Libraries/STM32F30x_StdPeriph_Driver/src/stm32f30x_exti.o
                                0x34a (size before relaxing)
 .debug_str     0x0000123f      0x6e5 Libraries/STM32F30x_StdPeriph_Driver/src/stm32f30x_usart.o
                                0x9b4 (size before relaxing)
 .debug_str     0x00001924      0x484 Libraries/STM32F30x_StdPeriph_Driver/src/stm32f30x_spi.o
                                0x77c (size before relaxing)
 .debug_str     0x00001da8      0x2e9 Libraries/STM32F30x_StdPeriph_Driver/src/stm32f30x_gpio.o
                                0x44d (size before relaxing)
 .debug_str     0x00002091      0x33f src/sensors.o
                                0x444 (size before relaxing)
 .debug_str     0x000023d0       0x35 src/common.o
                                0x15c (size before relaxing)
 .debug_str     0x00002405      0x23a src/stm32f3_discovery_l3gd20.o
                                0x6af (size before relaxing)
 .debug_str     0x0000263f      0x5e5 src/stm32f3_discovery.o
                                0xa0b (size before relaxing)
 .debug_str     0x00002c24      0x1da src/newlib_stubs.o
                                0x383 (size before relaxing)
 .debug_str     0x00002dfe      0x27e src/stm32f3_discovery_lsm303dlhc.o
                                0x89b (size before relaxing)
 .debug_str     0x0000307c      0x48c src/main.o
                                0xc88 (size before relaxing)
 .debug_str     0x00003508       0x78 src/system_stm32f30x.o
                                0x298 (size before relaxing)
 .debug_str     0x00003580       0x3f src/usart.o
                                0x3b7 (size before relaxing)

.comment        0x00000000       0xe0
 .comment       0x00000000       0x70 Libraries/STM32F30x_StdPeriph_Driver/src/stm32f30x_misc.o
                                 0x71 (size before relaxing)
 .comment       0x00000000       0x71 Libraries/STM32F30x_StdPeriph_Driver/src/stm32f30x_i2c.o
 .comment       0x00000000       0x71 Libraries/STM32F30x_StdPeriph_Driver/src/stm32f30x_rcc.o
 .comment       0x00000000       0x71 Libraries/STM32F30x_StdPeriph_Driver/src/stm32f30x_syscfg.o
 .comment       0x00000000       0x71 Libraries/STM32F30x_StdPeriph_Driver/src/stm32f30x_exti.o
 .comment       0x00000000       0x71 Libraries/STM32F30x_StdPeriph_Driver/src/stm32f30x_usart.o
 .comment       0x00000000       0x71 Libraries/STM32F30x_StdPeriph_Driver/src/stm32f30x_spi.o
 .comment       0x00000000       0x71 Libraries/STM32F30x_StdPeriph_Driver/src/stm32f30x_gpio.o
 .comment       0x00000070       0x70 src/sensors.o
                                 0x71 (size before relaxing)
 .comment       0x00000000       0x71 src/common.o
 .comment       0x00000000       0x71 src/stm32f3_discovery_l3gd20.o
 .comment       0x00000000       0x71 src/stm32f3_discovery.o
 .comment       0x00000000       0x71 src/newlib_stubs.o
 .comment       0x00000000       0x71 src/stm32f3_discovery_lsm303dlhc.o
 .comment       0x00000000       0x71 src/main.o
 .comment       0x00000000       0x71 src/system_stm32f30x.o
 .comment       0x00000000       0x71 src/usart.o

.debug_frame    0x00000000     0x2e18
 .debug_frame   0x00000000       0x9c Libraries/STM32F30x_StdPeriph_Driver/src/stm32f30x_misc.o
 .debug_frame   0x0000009c      0x4ac Libraries/STM32F30x_StdPeriph_Driver/src/stm32f30x_i2c.o
 .debug_frame   0x00000548      0x44c Libraries/STM32F30x_StdPeriph_Driver/src/stm32f30x_rcc.o
 .debug_frame   0x00000994      0x194 Libraries/STM32F30x_StdPeriph_Driver/src/stm32f30x_syscfg.o
 .debug_frame   0x00000b28       0xec Libraries/STM32F30x_StdPeriph_Driver/src/stm32f30x_exti.o
 .debug_frame   0x00000c14      0x574 Libraries/STM32F30x_StdPeriph_Driver/src/stm32f30x_usart.o
 .debug_frame   0x00001188      0x398 Libraries/STM32F30x_StdPeriph_Driver/src/stm32f30x_spi.o
 .debug_frame   0x00001520      0x180 Libraries/STM32F30x_StdPeriph_Driver/src/stm32f30x_gpio.o
 .debug_frame   0x000016a0       0xe0 src/sensors.o
 .debug_frame   0x00001780       0x40 src/common.o
 .debug_frame   0x000017c0      0x190 src/stm32f3_discovery_l3gd20.o
 .debug_frame   0x00001950       0xc4 src/stm32f3_discovery.o
 .debug_frame   0x00001a14      0x1ec src/newlib_stubs.o
 .debug_frame   0x00001c00      0x210 src/stm32f3_discovery_lsm303dlhc.o
 .debug_frame   0x00001e10       0x8c src/main.o
 .debug_frame   0x00001e9c       0x64 src/system_stm32f30x.o
 .debug_frame   0x00001f00       0x4c src/usart.o
 .debug_frame   0x00001f4c       0x34 /usr/bin/../lib/gcc/arm-none-eabi/4.7.3/../../../../arm-none-eabi/lib/armv7e-m/fpu/libc.a(lib_a-__atexit.o)
 .debug_frame   0x00001f80       0x2c /usr/bin/../lib/gcc/arm-none-eabi/4.7.3/../../../../arm-none-eabi/lib/armv7e-m/fpu/libc.a(lib_a-fini.o)
 .debug_frame   0x00001fac       0x50 /usr/bin/../lib/gcc/arm-none-eabi/4.7.3/../../../../arm-none-eabi/lib/armv7e-m/fpu/libc.a(lib_a-fwrite.o)
 .debug_frame   0x00001ffc       0x30 /usr/bin/../lib/gcc/arm-none-eabi/4.7.3/../../../../arm-none-eabi/lib/armv7e-m/fpu/libc.a(lib_a-init.o)
 .debug_frame   0x0000202c       0x2c /usr/bin/../lib/gcc/arm-none-eabi/4.7.3/../../../../arm-none-eabi/lib/armv7e-m/fpu/libc.a(lib_a-memset.o)
 .debug_frame   0x00002058       0x58 /usr/bin/../lib/gcc/arm-none-eabi/4.7.3/../../../../arm-none-eabi/lib/armv7e-m/fpu/libc.a(lib_a-printf.o)
 .debug_frame   0x000020b0       0x30 /usr/bin/../lib/gcc/arm-none-eabi/4.7.3/../../../../arm-none-eabi/lib/armv7e-m/fpu/libc.a(lib_a-putchar.o)
 .debug_frame   0x000020e0       0x6c /usr/bin/../lib/gcc/arm-none-eabi/4.7.3/../../../../arm-none-eabi/lib/armv7e-m/fpu/libc.a(lib_a-reent.o)
 .debug_frame   0x0000214c       0x58 /usr/bin/../lib/gcc/arm-none-eabi/4.7.3/../../../../arm-none-eabi/lib/armv7e-m/fpu/libc.a(lib_a-vfprintf.o)
 .debug_frame   0x000021a4       0x2c /usr/bin/../lib/gcc/arm-none-eabi/4.7.3/../../../../arm-none-eabi/lib/armv7e-m/fpu/libc.a(lib_a-wsetup.o)
 .debug_frame   0x000021d0       0x48 /usr/bin/../lib/gcc/arm-none-eabi/4.7.3/../../../../arm-none-eabi/lib/armv7e-m/fpu/libc.a(lib_a-__call_atexit.o)
 .debug_frame   0x00002218       0x20 /usr/bin/../lib/gcc/arm-none-eabi/4.7.3/../../../../arm-none-eabi/lib/armv7e-m/fpu/libc.a(lib_a-atexit.o)
 .debug_frame   0x00002238       0x64 /usr/bin/../lib/gcc/arm-none-eabi/4.7.3/../../../../arm-none-eabi/lib/armv7e-m/fpu/libc.a(lib_a-dtoa.o)
 .debug_frame   0x0000229c       0x40 /usr/bin/../lib/gcc/arm-none-eabi/4.7.3/../../../../arm-none-eabi/lib/armv7e-m/fpu/libc.a(lib_a-fflush.o)
 .debug_frame   0x000022dc      0x11c /usr/bin/../lib/gcc/arm-none-eabi/4.7.3/../../../../arm-none-eabi/lib/armv7e-m/fpu/libc.a(lib_a-findfp.o)
 .debug_frame   0x000023f8       0x50 /usr/bin/../lib/gcc/arm-none-eabi/4.7.3/../../../../arm-none-eabi/lib/armv7e-m/fpu/libc.a(lib_a-freer.o)
 .debug_frame   0x00002448       0x38 /usr/bin/../lib/gcc/arm-none-eabi/4.7.3/../../../../arm-none-eabi/lib/armv7e-m/fpu/libc.a(lib_a-fvwrite.o)
 .debug_frame   0x00002480       0x5c /usr/bin/../lib/gcc/arm-none-eabi/4.7.3/../../../../arm-none-eabi/lib/armv7e-m/fpu/libc.a(lib_a-fwalk.o)
 .debug_frame   0x000024dc       0xa0 /usr/bin/../lib/gcc/arm-none-eabi/4.7.3/../../../../arm-none-eabi/lib/armv7e-m/fpu/libc.a(lib_a-locale.o)
 .debug_frame   0x0000257c       0x30 /usr/bin/../lib/gcc/arm-none-eabi/4.7.3/../../../../arm-none-eabi/lib/armv7e-m/fpu/libc.a(lib_a-makebuf.o)
 .debug_frame   0x000025ac       0x38 /usr/bin/../lib/gcc/arm-none-eabi/4.7.3/../../../../arm-none-eabi/lib/armv7e-m/fpu/libc.a(lib_a-mallocr.o)
 .debug_frame   0x000025e4       0x2c /usr/bin/../lib/gcc/arm-none-eabi/4.7.3/../../../../arm-none-eabi/lib/armv7e-m/fpu/libc.a(lib_a-memchr.o)
 .debug_frame   0x00002610       0x30 /usr/bin/../lib/gcc/arm-none-eabi/4.7.3/../../../../arm-none-eabi/lib/armv7e-m/fpu/libc.a(lib_a-memcpy.o)
 .debug_frame   0x00002640       0x30 /usr/bin/../lib/gcc/arm-none-eabi/4.7.3/../../../../arm-none-eabi/lib/armv7e-m/fpu/libc.a(lib_a-memmove.o)
 .debug_frame   0x00002670       0x30 /usr/bin/../lib/gcc/arm-none-eabi/4.7.3/../../../../arm-none-eabi/lib/armv7e-m/fpu/libc.a(lib_a-mlock.o)
 .debug_frame   0x000026a0      0x234 /usr/bin/../lib/gcc/arm-none-eabi/4.7.3/../../../../arm-none-eabi/lib/armv7e-m/fpu/libc.a(lib_a-mprec.o)
 .debug_frame   0x000028d4       0x48 /usr/bin/../lib/gcc/arm-none-eabi/4.7.3/../../../../arm-none-eabi/lib/armv7e-m/fpu/libc.a(lib_a-putc.o)
 .debug_frame   0x0000291c       0x38 /usr/bin/../lib/gcc/arm-none-eabi/4.7.3/../../../../arm-none-eabi/lib/armv7e-m/fpu/libc.a(lib_a-reallocr.o)
 .debug_frame   0x00002954       0x20 /usr/bin/../lib/gcc/arm-none-eabi/4.7.3/../../../../arm-none-eabi/lib/armv7e-m/fpu/libc.a(lib_a-s_fpclassify.o)
 .debug_frame   0x00002974       0x2c /usr/bin/../lib/gcc/arm-none-eabi/4.7.3/../../../../arm-none-eabi/lib/armv7e-m/fpu/libc.a(lib_a-sbrkr.o)
 .debug_frame   0x000029a0       0x80 /usr/bin/../lib/gcc/arm-none-eabi/4.7.3/../../../../arm-none-eabi/lib/armv7e-m/fpu/libc.a(lib_a-stdio.o)
 .debug_frame   0x00002a20       0x20 /usr/bin/../lib/gcc/arm-none-eabi/4.7.3/../../../../arm-none-eabi/lib/armv7e-m/fpu/libc.a(lib_a-strlen.o)
 .debug_frame   0x00002a40       0x80 /usr/bin/../lib/gcc/arm-none-eabi/4.7.3/../../../../arm-none-eabi/lib/armv7e-m/fpu/libc.a(lib_a-vfiprintf.o)
 .debug_frame   0x00002ac0       0x44 /usr/bin/../lib/gcc/arm-none-eabi/4.7.3/../../../../arm-none-eabi/lib/armv7e-m/fpu/libc.a(lib_a-wbuf.o)
 .debug_frame   0x00002b04       0x2c /usr/bin/../lib/gcc/arm-none-eabi/4.7.3/../../../../arm-none-eabi/lib/armv7e-m/fpu/libc.a(lib_a-writer.o)
 .debug_frame   0x00002b30       0x28 /usr/bin/../lib/gcc/arm-none-eabi/4.7.3/../../../../arm-none-eabi/lib/armv7e-m/fpu/libc.a(lib_a-callocr.o)
 .debug_frame   0x00002b58       0x2c /usr/bin/../lib/gcc/arm-none-eabi/4.7.3/../../../../arm-none-eabi/lib/armv7e-m/fpu/libc.a(lib_a-closer.o)
 .debug_frame   0x00002b84       0x3c /usr/bin/../lib/gcc/arm-none-eabi/4.7.3/../../../../arm-none-eabi/lib/armv7e-m/fpu/libc.a(lib_a-fclose.o)
 .debug_frame   0x00002bc0       0x54 /usr/bin/../lib/gcc/arm-none-eabi/4.7.3/../../../../arm-none-eabi/lib/armv7e-m/fpu/libc.a(lib_a-fputwc.o)
 .debug_frame   0x00002c14       0x2c /usr/bin/../lib/gcc/arm-none-eabi/4.7.3/../../../../arm-none-eabi/lib/armv7e-m/fpu/libc.a(lib_a-fstatr.o)
 .debug_frame   0x00002c40       0x2c /usr/bin/../lib/gcc/arm-none-eabi/4.7.3/../../../../arm-none-eabi/lib/armv7e-m/fpu/libc.a(lib_a-isattyr.o)
 .debug_frame   0x00002c6c       0x2c /usr/bin/../lib/gcc/arm-none-eabi/4.7.3/../../../../arm-none-eabi/lib/armv7e-m/fpu/libc.a(lib_a-lseekr.o)
 .debug_frame   0x00002c98       0x2c /usr/bin/../lib/gcc/arm-none-eabi/4.7.3/../../../../arm-none-eabi/lib/armv7e-m/fpu/libc.a(lib_a-readr.o)
 .debug_frame   0x00002cc4       0x58 /usr/bin/../lib/gcc/arm-none-eabi/4.7.3/../../../../arm-none-eabi/lib/armv7e-m/fpu/libc.a(lib_a-wcrtomb.o)
 .debug_frame   0x00002d1c       0x44 /usr/bin/../lib/gcc/arm-none-eabi/4.7.3/../../../../arm-none-eabi/lib/armv7e-m/fpu/libc.a(lib_a-wctomb_r.o)
 .debug_frame   0x00002d60       0x50 /usr/bin/../lib/gcc/arm-none-eabi/4.7.3/armv7e-m/fpu/libgcc.a(bpabi.o)
 .debug_frame   0x00002db0       0x34 /usr/bin/../lib/gcc/arm-none-eabi/4.7.3/armv7e-m/fpu/libgcc.a(_divdi3.o)
 .debug_frame   0x00002de4       0x34 /usr/bin/../lib/gcc/arm-none-eabi/4.7.3/armv7e-m/fpu/libgcc.a(_udivdi3.o)
